Archive member included to satisfy reference by file (symbol)

/home/boczeratul/bolos-devenv/gcc-arm-none-eabi-5_3-2016q1/bin/../lib/gcc/arm-none-eabi/5.3.1/armv6-m/libgcc.a(_udivsi3.o)
                              obj/main.o (__aeabi_uidiv)
/home/boczeratul/bolos-devenv/gcc-arm-none-eabi-5_3-2016q1/bin/../lib/gcc/arm-none-eabi/5.3.1/armv6-m/libgcc.a(_dvmd_tls.o)
                              /home/boczeratul/bolos-devenv/gcc-arm-none-eabi-5_3-2016q1/bin/../lib/gcc/arm-none-eabi/5.3.1/armv6-m/libgcc.a(_udivsi3.o) (__aeabi_idiv0)
/home/boczeratul/bolos-devenv/gcc-arm-none-eabi-5_3-2016q1/bin/../lib/gcc/arm-none-eabi/5.3.1/armv6-m/libgcc.a(_muldi3.o)
                              obj/uint256.o (__aeabi_lmul)
/home/boczeratul/bolos-devenv/gcc-arm-none-eabi-5_3-2016q1/bin/../lib/gcc/arm-none-eabi/5.3.1/../../../../arm-none-eabi/lib/armv6-m/libc.a(lib_a-aeabi_memclr.o)
                              obj/os.o (__aeabi_memclr)
/home/boczeratul/bolos-devenv/gcc-arm-none-eabi-5_3-2016q1/bin/../lib/gcc/arm-none-eabi/5.3.1/../../../../arm-none-eabi/lib/armv6-m/libc.a(lib_a-aeabi_memcpy.o)
                              obj/main.o (__aeabi_memcpy)
/home/boczeratul/bolos-devenv/gcc-arm-none-eabi-5_3-2016q1/bin/../lib/gcc/arm-none-eabi/5.3.1/../../../../arm-none-eabi/lib/armv6-m/libc.a(lib_a-aeabi_memset.o)
                              obj/ethUtils.o (__aeabi_memset)
/home/boczeratul/bolos-devenv/gcc-arm-none-eabi-5_3-2016q1/bin/../lib/gcc/arm-none-eabi/5.3.1/../../../../arm-none-eabi/lib/armv6-m/libc.a(lib_a-memcpy-stub.o)
                              /home/boczeratul/bolos-devenv/gcc-arm-none-eabi-5_3-2016q1/bin/../lib/gcc/arm-none-eabi/5.3.1/../../../../arm-none-eabi/lib/armv6-m/libc.a(lib_a-aeabi_memcpy.o) (memcpy)
/home/boczeratul/bolos-devenv/gcc-arm-none-eabi-5_3-2016q1/bin/../lib/gcc/arm-none-eabi/5.3.1/../../../../arm-none-eabi/lib/armv6-m/libc.a(lib_a-memset.o)
                              /home/boczeratul/bolos-devenv/gcc-arm-none-eabi-5_3-2016q1/bin/../lib/gcc/arm-none-eabi/5.3.1/../../../../arm-none-eabi/lib/armv6-m/libc.a(lib_a-aeabi_memset.o) (memset)
/home/boczeratul/bolos-devenv/gcc-arm-none-eabi-5_3-2016q1/bin/../lib/gcc/arm-none-eabi/5.3.1/../../../../arm-none-eabi/lib/armv6-m/libc.a(lib_a-setjmp.o)
                              obj/ethUstream.o (setjmp)
/home/boczeratul/bolos-devenv/gcc-arm-none-eabi-5_3-2016q1/bin/../lib/gcc/arm-none-eabi/5.3.1/../../../../arm-none-eabi/lib/armv6-m/libc.a(lib_a-strlen-stub.o)
                              obj/ethUtils.o (strlen)

Discarded input sections

 .text          0x00000000        0x0 obj/cx_compliance_141.o
 .text.cx_rng_rfc6979_X
                0x00000000       0x46 obj/cx_compliance_141.o
 .ARM.exidx.text.cx_rng_rfc6979_X
                0x00000000        0x8 obj/cx_compliance_141.o
 .text.cx_hash_sha512_X
                0x00000000        0xa obj/cx_compliance_141.o
 .ARM.exidx.text.cx_hash_sha512_X
                0x00000000        0x8 obj/cx_compliance_141.o
 .text.cx_hmac_X
                0x00000000       0x30 obj/cx_compliance_141.o
 .ARM.exidx.text.cx_hmac_X
                0x00000000        0x8 obj/cx_compliance_141.o
 .text.cx_hmac_sha256_X
                0x00000000       0x16 obj/cx_compliance_141.o
 .ARM.exidx.text.cx_hmac_sha256_X
                0x00000000        0x8 obj/cx_compliance_141.o
 .text.cx_hmac_sha512_X
                0x00000000       0x16 obj/cx_compliance_141.o
 .ARM.exidx.text.cx_hmac_sha512_X
                0x00000000        0x8 obj/cx_compliance_141.o
 .text.cx_des_iv_X
                0x00000000       0x20 obj/cx_compliance_141.o
 .ARM.exidx.text.cx_des_iv_X
                0x00000000        0x8 obj/cx_compliance_141.o
 .text.cx_des_X
                0x00000000       0x1a obj/cx_compliance_141.o
 .ARM.exidx.text.cx_des_X
                0x00000000        0x8 obj/cx_compliance_141.o
 .text.cx_aes_iv_X
                0x00000000       0x20 obj/cx_compliance_141.o
 .ARM.exidx.text.cx_aes_iv_X
                0x00000000        0x8 obj/cx_compliance_141.o
 .text.cx_aes_X
                0x00000000       0x1a obj/cx_compliance_141.o
 .ARM.exidx.text.cx_aes_X
                0x00000000        0x8 obj/cx_compliance_141.o
 .text.cx_rsa_init_public_key_X
                0x00000000       0x18 obj/cx_compliance_141.o
 .ARM.exidx.text.cx_rsa_init_public_key_X
                0x00000000        0x8 obj/cx_compliance_141.o
 .text.cx_rsa_init_private_key_X
                0x00000000       0x18 obj/cx_compliance_141.o
 .ARM.exidx.text.cx_rsa_init_private_key_X
                0x00000000        0x8 obj/cx_compliance_141.o
 .text.cx_rsa_generate_pair_X
                0x00000000       0x34 obj/cx_compliance_141.o
 .ARM.exidx.text.cx_rsa_generate_pair_X
                0x00000000        0x8 obj/cx_compliance_141.o
 .text.cx_ecfp_is_valid_point_X
                0x00000000       0x1a obj/cx_compliance_141.o
 .ARM.exidx.text.cx_ecfp_is_valid_point_X
                0x00000000        0x8 obj/cx_compliance_141.o
[...]
Memory Configuration

Name             Origin             Length             Attributes
DISCARD          0xd0000000         0x00100000         xrw
FLASH            0xc0d00000         0x00064000         xr
SRAM             0x20001800         0x00001000         xrw
*default*        0x00000000         0xffffffff

Linker script and memory map

LOAD obj/cx_compliance_141.o
LOAD obj/ethUstream.o
LOAD obj/ethUtils.o
LOAD obj/glyphs.o
LOAD obj/main.o
LOAD obj/os.o
LOAD obj/os_io_seproxyhal.o
LOAD obj/os_printf.o
LOAD obj/pic.o
LOAD obj/pic_internal.o
LOAD obj/syscalls.o
LOAD obj/tcr.o
LOAD obj/tokens.o
LOAD obj/u2f_impl.o
LOAD obj/u2f_io.o
LOAD obj/u2f_transport.o
LOAD obj/uint256.o
LOAD obj/usbd_ccid_cmd.o
LOAD obj/usbd_ccid_core.o
LOAD obj/usbd_ccid_if.o
LOAD obj/usbd_conf.o
LOAD obj/usbd_core.o
LOAD obj/usbd_ctlreq.o
LOAD obj/usbd_hid.o
LOAD obj/usbd_impl.o
LOAD obj/usbd_ioreq.o
LOAD obj/utils.o
LOAD /home/boczeratul/bolos-devenv/gcc-arm-none-eabi-5_3-2016q1/bin/../lib/gcc/arm-none-eabi/5.3.1/../../../../arm-none-eabi/lib/armv6-m/libm.a
LOAD /home/boczeratul/bolos-devenv/gcc-arm-none-eabi-5_3-2016q1/bin/../lib/gcc/arm-none-eabi/5.3.1/armv6-m/libgcc.a
LOAD /home/boczeratul/bolos-devenv/gcc-arm-none-eabi-5_3-2016q1/bin/../lib/gcc/arm-none-eabi/5.3.1/../../../../arm-none-eabi/lib/armv6-m/libc.a
START GROUP
LOAD /home/boczeratul/bolos-devenv/gcc-arm-none-eabi-5_3-2016q1/bin/../lib/gcc/arm-none-eabi/5.3.1/armv6-m/libgcc.a
LOAD /home/boczeratul/bolos-devenv/gcc-arm-none-eabi-5_3-2016q1/bin/../lib/gcc/arm-none-eabi/5.3.1/../../../../arm-none-eabi/lib/armv6-m/libg.a
LOAD /home/boczeratul/bolos-devenv/gcc-arm-none-eabi-5_3-2016q1/bin/../lib/gcc/arm-none-eabi/5.3.1/../../../../arm-none-eabi/lib/armv6-m/libc.a
END GROUP
                0x00000040                PAGE_SIZE = 0x40
                0x00000200                STACK_SIZE = 0x200
                0x20002800                END_STACK = (ORIGIN (SRAM) + LENGTH (SRAM))

.text           0xc0d00000    0x105c0
                0xc0d00000                _text = .
                0xc0d00000                _nvram = .
                [!provide]                PROVIDE (_setjmp, setjmp)
 *(.boot*)
 .boot          0xc0d00000       0xec obj/main.o
                0xc0d00000                main
 *(.text*)
 .text.cx_hash_X
                0xc0d000ec       0x5a obj/cx_compliance_141.o
                0xc0d000ec                cx_hash_X
 .text.cx_hash_sha256_X
                0xc0d00146        0xa obj/cx_compliance_141.o
                0xc0d00146                cx_hash_sha256_X
 .text.cx_ecfp_get_domain_length
                0xc0d00150       0x7c obj/cx_compliance_141.o
 .text.cx_ecdsa_sign_X
                0xc0d001cc       0x36 obj/cx_compliance_141.o
                0xc0d001cc                cx_ecdsa_sign_X
 .text.initTx   0xc0d00202       0x2e obj/ethUstream.o
                0xc0d00202                initTx
 .text.readTxByte
                0xc0d00230       0x4c obj/ethUstream.o
                0xc0d00230                readTxByte
 .text.copyTxData
                0xc0d0027c       0x6a obj/ethUstream.o
                0xc0d0027c                copyTxData
 *fill*         0xc0d002e6        0x2 00
 .text.processTx
                0xc0d002e8       0x64 obj/ethUstream.o
                0xc0d002e8                processTx
 .text.processTxInternal
                0xc0d0034c      0x2fc obj/ethUstream.o
 .text.continueTx
                0xc0d00648       0x58 obj/ethUstream.o
                0xc0d00648                continueTx
 .text.rlpCanDecode
                0xc0d006a0       0x5e obj/ethUtils.o
                0xc0d006a0                rlpCanDecode
 .text.rlpDecodeLength
                0xc0d006fe       0xd2 obj/ethUtils.o
                0xc0d006fe                rlpDecodeLength
 .text.getEthAddressStringFromKey
                0xc0d007d0       0x38 obj/ethUtils.o
                0xc0d007d0                getEthAddressStringFromKey
 .text.getEthAddressStringFromBinary
                0xc0d00808       0xf0 obj/ethUtils.o
                0xc0d00808                getEthAddressStringFromBinary
 .text.adjustDecimals
                0xc0d008f8      0x106 obj/ethUtils.o
                0xc0d008f8                adjustDecimals
 *fill*         0xc0d009fe        0x2 00
 .text.menu_settings_data_change
                0xc0d00a00       0x30 obj/main.o
                0xc0d00a00                menu_settings_data_change
 .text.menu_settings_details_change
                0xc0d00a30       0x34 obj/main.o
                0xc0d00a30                menu_settings_details_change
 .text.menu_settings_data_init
                0xc0d00a64       0x28 obj/main.o
                0xc0d00a64                menu_settings_data_init
 .text.menu_settings_details_init
                0xc0d00a8c       0x28 obj/main.o
                0xc0d00a8c                menu_settings_details_init
 .text.ui_address_prepro
                0xc0d00ab4       0x5c obj/main.o
                0xc0d00ab4                ui_address_prepro
 .text.ui_approval_prepro
                0xc0d00b10       0xa4 obj/main.o
                0xc0d00b10                ui_approval_prepro
 .text.ui_approval_signMessage_prepro
                0xc0d00bb4       0x38 obj/main.o
                0xc0d00bb4                ui_approval_signMessage_prepro
 .text.ui_data_selector_prepro
                0xc0d00bec       0x5c obj/main.o
                0xc0d00bec                ui_data_selector_prepro
 .text.ui_data_parameter_prepro
                0xc0d00c48       0x5c obj/main.o
                0xc0d00c48                ui_data_parameter_prepro
 .text.ui_idle  0xc0d00ca4       0x14 obj/main.o
                0xc0d00ca4                ui_idle
 .text.io_seproxyhal_touch_address_ok
                0xc0d00cb8       0x34 obj/main.o
                0xc0d00cb8                io_seproxyhal_touch_address_ok
 .text.set_result_get_publicKey
                0xc0d00cec       0x4c obj/main.o
                0xc0d00cec                set_result_get_publicKey
 .text.ui_address_nanos_button
                0xc0d00d38       0x48 obj/main.o
                0xc0d00d38                ui_address_nanos_button
 .text.io_seproxyhal_touch_tx_ok
                0xc0d00d80      0x104 obj/main.o
                0xc0d00d80                io_seproxyhal_touch_tx_ok
 .text.io_seproxyhal_touch_signMessage_ok
                0xc0d00e84       0xd8 obj/main.o
                0xc0d00e84                io_seproxyhal_touch_signMessage_ok
 .text.io_seproxyhal_touch_data_ok
                0xc0d00f5c       0x78 obj/main.o
                0xc0d00f5c                io_seproxyhal_touch_data_ok
 .text.finalizeParsing
                0xc0d00fd4      0x348 obj/main.o
                0xc0d00fd4                finalizeParsing
 .text.ui_approval_nanos_button
                0xc0d0131c       0x48 obj/main.o
                0xc0d0131c                ui_approval_nanos_button
 .text.ui_approval_signMessage_nanos_button
                0xc0d01364       0x48 obj/main.o
                0xc0d01364                ui_approval_signMessage_nanos_button
 .text.ui_data_selector_nanos_button
                0xc0d013ac       0x48 obj/main.o
                0xc0d013ac                ui_data_selector_nanos_button
 .text.ui_data_parameter_nanos_button
                0xc0d013f4       0x48 obj/main.o
                0xc0d013f4                ui_data_parameter_nanos_button
 .text.io_exchange_al
                0xc0d0143c       0x44 obj/main.o
                0xc0d0143c                io_exchange_al
 .text.splitBinaryParameterPart
                0xc0d01480       0x30 obj/main.o
                0xc0d01480                splitBinaryParameterPart
 .text.getKnownToken
                0xc0d014b0      0x26c obj/main.o
                0xc0d014b0                getKnownToken
 .text.customProcessor
                0xc0d0171c      0x304 obj/main.o
                0xc0d0171c                customProcessor
 .text.io_seproxyhal_display
                0xc0d01a20        0x8 obj/main.o
                0xc0d01a20                io_seproxyhal_display
 .text.handleGetPublicKey
                0xc0d01a28      0x1bc obj/main.o
                0xc0d01a28                handleGetPublicKey
 .text.handleProvideErc20TokenInformation
                0xc0d01be4       0xd8 obj/main.o
                0xc0d01be4                handleProvideErc20TokenInformation
 .text.handleSign
                0xc0d01cbc      0x10c obj/main.o
                0xc0d01cbc                handleSign
 .text.handleGetAppConfiguration
                0xc0d01dc8       0x38 obj/main.o
                0xc0d01dc8                handleGetAppConfiguration
 .text.handleSignPersonalMessage
                0xc0d01e00      0x2a0 obj/main.o
                0xc0d01e00                handleSignPersonalMessage
 .text.handleApdu
                0xc0d020a0      0x140 obj/main.o
                0xc0d020a0                handleApdu
 .text.sample_main
                0xc0d021e0       0xf4 obj/main.o
                0xc0d021e0                sample_main
 .text.io_event
                0xc0d022d4      0x5a8 obj/main.o
                0xc0d022d4                io_event
 .text.app_exit
                0xc0d0287c       0x48 obj/main.o
                0xc0d0287c                app_exit
 .text.os_boot  0xc0d028c4        0x6 obj/os.o
                0xc0d028c4                os_boot
 .text.try_context_set
                0xc0d028ca        0x4 obj/os.o
                0xc0d028ca                try_context_set
 *fill*         0xc0d028ce        0x2 00
 .text.io_usb_hid_receive
                0xc0d028d0      0x150 obj/os.o
                0xc0d028d0                io_usb_hid_receive
 .text.os_memset
                0xc0d02a20       0x12 obj/os.o
                0xc0d02a20                os_memset
 .text.os_memmove
                0xc0d02a32       0x36 obj/os.o
                0xc0d02a32                os_memmove
 .text.io_usb_hid_init
                0xc0d02a68        0xc obj/os.o
                0xc0d02a68                io_usb_hid_init
 .text.io_usb_hid_sent
                0xc0d02a74       0xc4 obj/os.o
                0xc0d02a74                io_usb_hid_sent
 .text.io_usb_hid_send
                0xc0d02b38       0x34 obj/os.o
                0xc0d02b38                io_usb_hid_send
 .text.os_memcmp
                0xc0d02b6c       0x2e obj/os.o
                0xc0d02b6c                os_memcmp
 .text.os_longjmp
                0xc0d02b9a        0xa obj/os.o
                0xc0d02b9a                os_longjmp
 .text.try_context_get
                0xc0d02ba4        0x4 obj/os.o
                0xc0d02ba4                try_context_get
 .text.try_context_get_previous
                0xc0d02ba8        0xc obj/os.o
                0xc0d02ba8                try_context_get_previous
 .text.io_seproxyhal_general_status
                0xc0d02bb4       0x28 obj/os_io_seproxyhal.o
                0xc0d02bb4                io_seproxyhal_general_status
 .text.io_seproxyhal_handle_usb_event
                0xc0d02bdc       0x7c obj/os_io_seproxyhal.o
                0xc0d02bdc                io_seproxyhal_handle_usb_event
 .text.io_seproxyhal_get_ep_rx_size
                0xc0d02c58       0x10 obj/os_io_seproxyhal.o
                0xc0d02c58                io_seproxyhal_get_ep_rx_size
 .text.io_seproxyhal_handle_usb_ep_xfer_event
                0xc0d02c68       0x68 obj/os_io_seproxyhal.o
                0xc0d02c68                io_seproxyhal_handle_usb_ep_xfer_event
 .text.io_usb_send_ep
                0xc0d02cd0       0x4c obj/os_io_seproxyhal.o
                0xc0d02cd0                io_usb_send_ep
 .text.io_usb_send_apdu_data
                0xc0d02d1c       0x10 obj/os_io_seproxyhal.o
                0xc0d02d1c                io_usb_send_apdu_data
 .text.io_usb_send_apdu_data_ep0x83
                0xc0d02d2c       0x10 obj/os_io_seproxyhal.o
                0xc0d02d2c                io_usb_send_apdu_data_ep0x83
 .text.io_seproxyhal_handle_capdu_event
                0xc0d02d3c       0x4c obj/os_io_seproxyhal.o
                0xc0d02d3c                io_seproxyhal_handle_capdu_event
 .text.io_seproxyhal_handle_event
                0xc0d02d88       0x8c obj/os_io_seproxyhal.o
                0xc0d02d88                io_seproxyhal_handle_event
 .text.io_seproxyhal_init
                0xc0d02e14       0x40 obj/os_io_seproxyhal.o
                0xc0d02e14                io_seproxyhal_init
 .text.io_seproxyhal_init_ux
                0xc0d02e54        0xc obj/os_io_seproxyhal.o
                0xc0d02e54                io_seproxyhal_init_ux
 .text.io_seproxyhal_init_button
                0xc0d02e60       0x14 obj/os_io_seproxyhal.o
                0xc0d02e60                io_seproxyhal_init_button
 .text.io_seproxyhal_touch_out
                0xc0d02e74       0x46 obj/os_io_seproxyhal.o
                0xc0d02e74                io_seproxyhal_touch_out
 .text.io_seproxyhal_touch_over
                0xc0d02eba       0x60 obj/os_io_seproxyhal.o
                0xc0d02eba                io_seproxyhal_touch_over
 .text.io_seproxyhal_touch_tap
                0xc0d02f1a       0x46 obj/os_io_seproxyhal.o
                0xc0d02f1a                io_seproxyhal_touch_tap
 .text.io_seproxyhal_touch_element_callback
                0xc0d02f60      0x110 obj/os_io_seproxyhal.o
                0xc0d02f60                io_seproxyhal_touch_element_callback
 .text.io_seproxyhal_display_icon
                0xc0d03070       0x8c obj/os_io_seproxyhal.o
                0xc0d03070                io_seproxyhal_display_icon
 .text.io_seproxyhal_display_default
                0xc0d030fc       0x84 obj/os_io_seproxyhal.o
                0xc0d030fc                io_seproxyhal_display_default
 .text.bagl_label_roundtrip_duration_ms
                0xc0d03180        0xc obj/os_io_seproxyhal.o
                0xc0d03180                bagl_label_roundtrip_duration_ms
 .text.bagl_label_roundtrip_duration_ms_buf
                0xc0d0318c       0x4a obj/os_io_seproxyhal.o
                0xc0d0318c                bagl_label_roundtrip_duration_ms_buf
 *fill*         0xc0d031d6        0x2 00
 .text.io_seproxyhal_button_push
                0xc0d031d8       0x74 obj/os_io_seproxyhal.o
                0xc0d031d8                io_seproxyhal_button_push
 .text.os_io_seproxyhal_get_app_name_and_version
                0xc0d0324c       0x48 obj/os_io_seproxyhal.o
                0xc0d0324c                os_io_seproxyhal_get_app_name_and_version
 .text.io_exchange
                0xc0d03294      0x220 obj/os_io_seproxyhal.o
                0xc0d03294                io_exchange
 .text.ux_menu_element_preprocessor
                0xc0d034b4      0x188 obj/os_io_seproxyhal.o
                0xc0d034b4                ux_menu_element_preprocessor
 .text.ux_menu_elements_button
                0xc0d0363c      0x128 obj/os_io_seproxyhal.o
                0xc0d0363c                ux_menu_elements_button
 .text.ux_menu_display
                0xc0d03764      0x11c obj/os_io_seproxyhal.o
                0xc0d03764                ux_menu_display
 .text.ux_check_status_default
                0xc0d03880        0x2 obj/os_io_seproxyhal.o
                0xc0d03880                ux_check_status
                0xc0d03880                ux_check_status_default
 *fill*         0xc0d03882        0x2 00
 .text.snprintf
                0xc0d03884      0x42c obj/os_printf.o
                0xc0d03884                snprintf
 .text.pic      0xc0d03cb0       0x1c obj/pic.o
                0xc0d03cb0                pic
 .text.pic_internal
                0xc0d03ccc       0x10 obj/pic_internal.o
                0xc0d03ccc                pic_internal
 .text.SVC_Call
                0xc0d03cdc        0x4 obj/syscalls.o
                0xc0d03cdc                SVC_Call
 .text.check_api_level
                0xc0d03ce0       0x2c obj/syscalls.o
                0xc0d03ce0                check_api_level
 .text.reset    0xc0d03d0c       0x28 obj/syscalls.o
                0xc0d03d0c                reset
 .text.nvm_write
                0xc0d03d34       0x2c obj/syscalls.o
                0xc0d03d34                nvm_write
 .text.cx_rng   0xc0d03d60       0x30 obj/syscalls.o
                0xc0d03d60                cx_rng
 .text.cx_hash  0xc0d03d90       0x38 obj/syscalls.o
                0xc0d03d90                cx_hash
 .text.cx_sha256_init
                0xc0d03dc8       0x2c obj/syscalls.o
                0xc0d03dc8                cx_sha256_init
 .text.cx_hash_sha256
                0xc0d03df4       0x30 obj/syscalls.o
                0xc0d03df4                cx_hash_sha256
 .text.cx_keccak_init
                0xc0d03e24       0x30 obj/syscalls.o
                0xc0d03e24                cx_keccak_init
 .text.cx_ecfp_init_public_key
                0xc0d03e54       0x30 obj/syscalls.o
                0xc0d03e54                cx_ecfp_init_public_key
 .text.cx_ecfp_init_private_key
                0xc0d03e84       0x30 obj/syscalls.o
                0xc0d03e84                cx_ecfp_init_private_key
 .text.cx_ecfp_generate_pair
                0xc0d03eb4       0x30 obj/syscalls.o
                0xc0d03eb4                cx_ecfp_generate_pair
 .text.cx_ecdsa_sign
                0xc0d03ee4       0x40 obj/syscalls.o
                0xc0d03ee4                cx_ecdsa_sign
 .text.cx_ecdsa_verify
                0xc0d03f24       0x3c obj/syscalls.o
                0xc0d03f24                cx_ecdsa_verify
 .text.os_perso_derive_node_bip32
                0xc0d03f60       0x30 obj/syscalls.o
                0xc0d03f60                os_perso_derive_node_bip32
 .text.os_sched_exit
                0xc0d03f90       0x2c obj/syscalls.o
                0xc0d03f90                os_sched_exit
 .text.os_ux    0xc0d03fbc       0x2c obj/syscalls.o
                0xc0d03fbc                os_ux
 .text.os_lib_throw
                0xc0d03fe8       0x2c obj/syscalls.o
                0xc0d03fe8                os_lib_throw
 .text.os_flags
                0xc0d04014       0x2c obj/syscalls.o
                0xc0d04014                os_flags
 .text.os_registry_get_current_app_tag
                0xc0d04040       0x30 obj/syscalls.o
                0xc0d04040                os_registry_get_current_app_tag
 .text.io_seproxyhal_spi_send
                0xc0d04070       0x2c obj/syscalls.o
                0xc0d04070                io_seproxyhal_spi_send
 .text.io_seproxyhal_spi_is_status_sent
                0xc0d0409c       0x2c obj/syscalls.o
                0xc0d0409c                io_seproxyhal_spi_is_status_sent
 .text.io_seproxyhal_spi_recv
                0xc0d040c8       0x30 obj/syscalls.o
                0xc0d040c8                io_seproxyhal_spi_recv
 .text.u2f_apdu_sign
                0xc0d040f8      0x104 obj/u2f_impl.o
                0xc0d040f8                u2f_apdu_sign
 .text.u2f_handle_cmd_init
                0xc0d041fc       0x8c obj/u2f_impl.o
                0xc0d041fc                u2f_handle_cmd_init
 .text.u2f_handle_cmd_msg
                0xc0d04288       0xbc obj/u2f_impl.o
                0xc0d04288                u2f_handle_cmd_msg
 .text.u2f_message_complete
                0xc0d04344       0x3a obj/u2f_impl.o
                0xc0d04344                u2f_message_complete
 *fill*         0xc0d0437e        0x2 00
 .text.u2f_io_send
                0xc0d04380       0x34 obj/u2f_io.o
                0xc0d04380                u2f_io_send
 .text.u2f_transport_init
                0xc0d043b4       0x12 obj/u2f_transport.o
                0xc0d043b4                u2f_transport_init
 *fill*         0xc0d043c6        0x2 00
 .text.u2f_transport_sent
                0xc0d043c8       0xd4 obj/u2f_transport.o
                0xc0d043c8                u2f_transport_sent
 .text.u2f_transport_received
                0xc0d0449c      0x338 obj/u2f_transport.o
                0xc0d0449c                u2f_transport_received
 .text.u2f_is_channel_broadcast
                0xc0d047d4       0x20 obj/u2f_transport.o
                0xc0d047d4                u2f_is_channel_broadcast
 .text.u2f_message_reply
                0xc0d047f4       0x1c obj/u2f_transport.o
                0xc0d047f4                u2f_message_reply
 .text.readUint64BE
                0xc0d04810       0x2e obj/uint256.o
 .text.readu256BE
                0xc0d0483e       0x34 obj/uint256.o
                0xc0d0483e                readu256BE
 .text.shiftl128
                0xc0d04872      0x116 obj/uint256.o
                0xc0d04872                shiftl128
 .text.shiftl256
                0xc0d04988      0x118 obj/uint256.o
                0xc0d04988                shiftl256
 .text.shiftr128
                0xc0d04aa0      0x118 obj/uint256.o
                0xc0d04aa0                shiftr128
 .text.shiftr256
                0xc0d04bb8      0x104 obj/uint256.o
                0xc0d04bb8                shiftr256
 .text.bits256  0xc0d04cbc       0x88 obj/uint256.o
                0xc0d04cbc                bits256
 .text.gt256    0xc0d04d44       0x96 obj/uint256.o
                0xc0d04d44                gt256
 .text.gte256   0xc0d04dda       0x64 obj/uint256.o
                0xc0d04dda                gte256
 .text.add256   0xc0d04e3e      0x1dc obj/uint256.o
                0xc0d04e3e                add256
 .text.minus256
                0xc0d0501a      0x1f2 obj/uint256.o
                0xc0d0501a                minus256
 .text.mul128   0xc0d0520c       0xf6 obj/uint256.o
                0xc0d0520c                mul128
 .text.mul256   0xc0d05302      0x2e6 obj/uint256.o
                0xc0d05302                mul256
 .text.divmod256
                0xc0d055e8      0x2ae obj/uint256.o
                0xc0d055e8                divmod256
 *fill*         0xc0d05896        0x2 00
 .text.tostring256
                0xc0d05898      0x104 obj/uint256.o
                0xc0d05898                tostring256
 .text.USBD_LL_Init
                0xc0d0599c       0x14 obj/usbd_conf.o
                0xc0d0599c                USBD_LL_Init
 .text.USBD_LL_DeInit
                0xc0d059b0       0x24 obj/usbd_conf.o
                0xc0d059b0                USBD_LL_DeInit
 .text.USBD_LL_Start
                0xc0d059d4       0x38 obj/usbd_conf.o
                0xc0d059d4                USBD_LL_Start
 .text.USBD_LL_Stop
                0xc0d05a0c       0x22 obj/usbd_conf.o
                0xc0d05a0c                USBD_LL_Stop
 *fill*         0xc0d05a2e        0x2 00
 .text.USBD_LL_OpenEP
                0xc0d05a30       0x4c obj/usbd_conf.o
                0xc0d05a30                USBD_LL_OpenEP
 .text.USBD_LL_CloseEP
                0xc0d05a7c       0x2c obj/usbd_conf.o
                0xc0d05a7c                USBD_LL_CloseEP
 .text.USBD_LL_StallEP
                0xc0d05aa8       0x4c obj/usbd_conf.o
                0xc0d05aa8                USBD_LL_StallEP
 .text.USBD_LL_ClearStallEP
                0xc0d05af4       0x48 obj/usbd_conf.o
                0xc0d05af4                USBD_LL_ClearStallEP
 .text.USBD_LL_IsStallEP
                0xc0d05b3c       0x24 obj/usbd_conf.o
                0xc0d05b3c                USBD_LL_IsStallEP
 .text.USBD_LL_SetUSBAddress
                0xc0d05b60       0x24 obj/usbd_conf.o
                0xc0d05b60                USBD_LL_SetUSBAddress
 .text.USBD_LL_Transmit
                0xc0d05b84       0x32 obj/usbd_conf.o
                0xc0d05b84                USBD_LL_Transmit
 .text.USBD_LL_PrepareReceive
                0xc0d05bb6       0x26 obj/usbd_conf.o
                0xc0d05bb6                USBD_LL_PrepareReceive
 .text.USBD_Init
                0xc0d05bdc       0x34 obj/usbd_core.o
                0xc0d05bdc                USBD_Init
 .text.USBD_DeInit
                0xc0d05c10       0x3c obj/usbd_core.o
                0xc0d05c10                USBD_DeInit
 .text.USBD_RegisterClassForInterface
                0xc0d05c4c       0x18 obj/usbd_core.o
                0xc0d05c4c                USBD_RegisterClassForInterface
 .text.USBD_Start
                0xc0d05c64        0xa obj/usbd_core.o
                0xc0d05c64                USBD_Start
 .text.USBD_SetClassConfig
                0xc0d05c6e       0x34 obj/usbd_core.o
                0xc0d05c6e                USBD_SetClassConfig
 .text.USBD_ClrClassConfig
                0xc0d05ca2       0x34 obj/usbd_core.o
                0xc0d05ca2                USBD_ClrClassConfig
 .text.USBD_LL_SetupStage
                0xc0d05cd6       0x5c obj/usbd_core.o
                0xc0d05cd6                USBD_LL_SetupStage
 .text.USBD_LL_DataOutStage
                0xc0d05d32       0xb4 obj/usbd_core.o
                0xc0d05d32                USBD_LL_DataOutStage
 .text.USBD_LL_DataInStage
                0xc0d05de6       0xec obj/usbd_core.o
                0xc0d05de6                USBD_LL_DataInStage
 .text.USBD_LL_Reset
                0xc0d05ed2       0x40 obj/usbd_core.o
                0xc0d05ed2                USBD_LL_Reset
 .text.USBD_LL_SetSpeed
                0xc0d05f12        0x6 obj/usbd_core.o
                0xc0d05f12                USBD_LL_SetSpeed
 .text.USBD_LL_Suspend
                0xc0d05f18        0x4 obj/usbd_core.o
                0xc0d05f18                USBD_LL_Suspend
 .text.USBD_LL_Resume
                0xc0d05f1c        0x4 obj/usbd_core.o
                0xc0d05f1c                USBD_LL_Resume
 .text.USBD_LL_SOF
                0xc0d05f20       0x3c obj/usbd_core.o
                0xc0d05f20                USBD_LL_SOF
 .text.usbd_is_valid_intf
                0xc0d05f5c       0x1a obj/usbd_ctlreq.o
                0xc0d05f5c                usbd_is_valid_intf
 .text.USBD_StdDevReq
                0xc0d05f76       0x5a obj/usbd_ctlreq.o
                0xc0d05f76                USBD_StdDevReq
 .text.USBD_GetDescriptor
                0xc0d05fd0      0x104 obj/usbd_ctlreq.o
                0xc0d05fd0                USBD_GetDescriptor
 .text.USBD_SetAddress
                0xc0d060d4       0x4a obj/usbd_ctlreq.o
                0xc0d060d4                USBD_SetAddress
 .text.USBD_SetConfig
                0xc0d0611e       0x6e obj/usbd_ctlreq.o
                0xc0d0611e                USBD_SetConfig
 .text.USBD_GetConfig
                0xc0d0618c       0x2e obj/usbd_ctlreq.o
                0xc0d0618c                USBD_GetConfig
 .text.USBD_GetStatus
                0xc0d061ba       0x44 obj/usbd_ctlreq.o
                0xc0d061ba                USBD_GetStatus
 .text.USBD_SetFeature
                0xc0d061fe       0x3a obj/usbd_ctlreq.o
                0xc0d061fe                USBD_SetFeature
 .text.USBD_ClrFeature
                0xc0d06238       0x50 obj/usbd_ctlreq.o
                0xc0d06238                USBD_ClrFeature
 .text.USBD_StdItfReq
                0xc0d06288       0x48 obj/usbd_ctlreq.o
                0xc0d06288                USBD_StdItfReq
 .text.USBD_StdEPReq
                0xc0d062d0      0x112 obj/usbd_ctlreq.o
                0xc0d062d0                USBD_StdEPReq
 .text.USBD_ParseSetupRequest
                0xc0d063e2       0x28 obj/usbd_ctlreq.o
                0xc0d063e2                USBD_ParseSetupRequest
 .text.USBD_CtlStall
                0xc0d0640a       0x14 obj/usbd_ctlreq.o
                0xc0d0640a                USBD_CtlStall
 .text.USBD_HID_Setup
                0xc0d0641e       0x98 obj/usbd_hid.o
                0xc0d0641e                USBD_HID_Setup
 .text.USBD_HID_Init
                0xc0d064b6       0x32 obj/usbd_hid.o
                0xc0d064b6                USBD_HID_Init
 .text.USBD_HID_DeInit
                0xc0d064e8       0x16 obj/usbd_hid.o
                0xc0d064e8                USBD_HID_DeInit
 *fill*         0xc0d064fe        0x2 00
 .text.USBD_HID_GetHidDescriptor_impl
                0xc0d06500       0x34 obj/usbd_impl.o
                0xc0d06500                USBD_HID_GetHidDescriptor_impl
 .text.USBD_HID_GetReportDescriptor_impl
                0xc0d06534       0x64 obj/usbd_impl.o
                0xc0d06534                USBD_HID_GetReportDescriptor_impl
 .text.USBD_U2F_Init
                0xc0d06598       0x32 obj/usbd_impl.o
                0xc0d06598                USBD_U2F_Init
 *fill*         0xc0d065ca        0x2 00
 .text.USBD_U2F_DataIn_impl
                0xc0d065cc       0x18 obj/usbd_impl.o
                0xc0d065cc                USBD_U2F_DataIn_impl
 .text.USBD_U2F_DataOut_impl
                0xc0d065e4       0x2c obj/usbd_impl.o
                0xc0d065e4                USBD_U2F_DataOut_impl
 .text.USBD_HID_DataIn_impl
                0xc0d06610       0x18 obj/usbd_impl.o
                0xc0d06610                USBD_HID_DataIn_impl
 .text.USBD_HID_DataOut_impl
                0xc0d06628       0x58 obj/usbd_impl.o
                0xc0d06628                USBD_HID_DataOut_impl
 .text.USBD_WEBUSB_Init
                0xc0d06680       0x2c obj/usbd_impl.o
                0xc0d06680                USBD_WEBUSB_Init
 .text.USBD_WEBUSB_DeInit
                0xc0d066ac        0x4 obj/usbd_impl.o
                0xc0d066ac                USBD_WEBUSB_DeInit
 .text.USBD_WEBUSB_Setup
                0xc0d066b0        0x4 obj/usbd_impl.o
                0xc0d066b0                USBD_WEBUSB_Setup
 .text.USBD_WEBUSB_DataIn
                0xc0d066b4       0x18 obj/usbd_impl.o
                0xc0d066b4                USBD_WEBUSB_DataIn
 .text.USBD_WEBUSB_DataOut
                0xc0d066cc       0x58 obj/usbd_impl.o
                0xc0d066cc                USBD_WEBUSB_DataOut
 .text.USBD_DeviceDescriptor
                0xc0d06724       0x10 obj/usbd_impl.o
 .text.USBD_LangIDStrDescriptor
                0xc0d06734       0x10 obj/usbd_impl.o
 .text.USBD_ManufacturerStrDescriptor
                0xc0d06744       0x10 obj/usbd_impl.o
 .text.USBD_ProductStrDescriptor
                0xc0d06754       0x10 obj/usbd_impl.o
 .text.USBD_SerialStrDescriptor
                0xc0d06764       0x10 obj/usbd_impl.o
 .text.USBD_ConfigStrDescriptor
                0xc0d06774       0x10 obj/usbd_impl.o
 .text.USBD_InterfaceStrDescriptor
                0xc0d06784       0x10 obj/usbd_impl.o
 .text.USBD_CtlError
                0xc0d06794       0x4c obj/usbd_impl.o
                0xc0d06794                USBD_CtlError
 .text.USB_power
                0xc0d067e0       0x98 obj/usbd_impl.o
                0xc0d067e0                USB_power
 .text.USBD_GetCfgDesc_impl
                0xc0d06878       0x10 obj/usbd_impl.o
 .text.USBD_GetDeviceQualifierDesc_impl
                0xc0d06888       0x10 obj/usbd_impl.o
 .text.USBD_CtlSendData
                0xc0d06898       0x2c obj/usbd_ioreq.o
                0xc0d06898                USBD_CtlSendData
 .text.USBD_CtlContinueSendData
                0xc0d068c4       0x1c obj/usbd_ioreq.o
                0xc0d068c4                USBD_CtlContinueSendData
 .text.USBD_CtlContinueRx
                0xc0d068e0        0xe obj/usbd_ioreq.o
                0xc0d068e0                USBD_CtlContinueRx
 .text.USBD_CtlSendStatus
                0xc0d068ee       0x18 obj/usbd_ioreq.o
                0xc0d068ee                USBD_CtlSendStatus
 .text.USBD_CtlReceiveStatus
                0xc0d06906       0x16 obj/usbd_ioreq.o
                0xc0d06906                USBD_CtlReceiveStatus
 .text.array_hexstr
                0xc0d0691c       0x40 obj/utils.o
                0xc0d0691c                array_hexstr
 .text.convertUint256BE
                0xc0d0695c       0x2e obj/utils.o
                0xc0d0695c                convertUint256BE
 .text.getV     0xc0d0698a       0x6e obj/utils.o
                0xc0d0698a                getV
 .text          0xc0d069f8      0x114 /home/boczeratul/bolos-devenv/gcc-arm-none-eabi-5_3-2016q1/bin/../lib/gcc/arm-none-eabi/5.3.1/armv6-m/libgcc.a(_udivsi3.o)
                0xc0d069f8                __udivsi3
                0xc0d069f8                __aeabi_uidiv
                0xc0d06b04                __aeabi_uidivmod
 .text          0xc0d06b0c        0x4 /home/boczeratul/bolos-devenv/gcc-arm-none-eabi-5_3-2016q1/bin/../lib/gcc/arm-none-eabi/5.3.1/armv6-m/libgcc.a(_dvmd_tls.o)
                0xc0d06b0c                __aeabi_ldiv0
                0xc0d06b0c                __aeabi_idiv0
 .text          0xc0d06b10       0x58 /home/boczeratul/bolos-devenv/gcc-arm-none-eabi-5_3-2016q1/bin/../lib/gcc/arm-none-eabi/5.3.1/armv6-m/libgcc.a(_muldi3.o)
                0xc0d06b10                __aeabi_lmul
                0xc0d06b10                __muldi3
 .text.__aeabi_memclr
                0xc0d06b68        0xc /home/boczeratul/bolos-devenv/gcc-arm-none-eabi-5_3-2016q1/bin/../lib/gcc/arm-none-eabi/5.3.1/../../../../arm-none-eabi/lib/armv6-m/libc.a(lib_a-aeabi_memclr.o)
                0xc0d06b68                __aeabi_memclr8
                0xc0d06b68                __aeabi_memclr
                0xc0d06b68                __aeabi_memclr4
 .text.__aeabi_memcpy
                0xc0d06b74        0x8 /home/boczeratul/bolos-devenv/gcc-arm-none-eabi-5_3-2016q1/bin/../lib/gcc/arm-none-eabi/5.3.1/../../../../arm-none-eabi/lib/armv6-m/libc.a(lib_a-aeabi_memcpy.o)
                0xc0d06b74                __aeabi_memcpy
                0xc0d06b74                __aeabi_memcpy4
                0xc0d06b74                __aeabi_memcpy8
 .text.__aeabi_memset
                0xc0d06b7c       0x10 /home/boczeratul/bolos-devenv/gcc-arm-none-eabi-5_3-2016q1/bin/../lib/gcc/arm-none-eabi/5.3.1/../../../../arm-none-eabi/lib/armv6-m/libc.a(lib_a-aeabi_memset.o)
                0xc0d06b7c                __aeabi_memset
                0xc0d06b7c                __aeabi_memset8
                0xc0d06b7c                __aeabi_memset4
 .text.memcpy   0xc0d06b8c       0x7c /home/boczeratul/bolos-devenv/gcc-arm-none-eabi-5_3-2016q1/bin/../lib/gcc/arm-none-eabi/5.3.1/../../../../arm-none-eabi/lib/armv6-m/libc.a(lib_a-memcpy-stub.o)
                0xc0d06b8c                memcpy
 .text.memset   0xc0d06c08       0x8c /home/boczeratul/bolos-devenv/gcc-arm-none-eabi-5_3-2016q1/bin/../lib/gcc/arm-none-eabi/5.3.1/../../../../arm-none-eabi/lib/armv6-m/libc.a(lib_a-memset.o)
                0xc0d06c08                memset
 .text          0xc0d06c94       0x34 /home/boczeratul/bolos-devenv/gcc-arm-none-eabi-5_3-2016q1/bin/../lib/gcc/arm-none-eabi/5.3.1/../../../../arm-none-eabi/lib/armv6-m/libc.a(lib_a-setjmp.o)
                0xc0d06c94                setjmp
                0xc0d06cac                longjmp
 .text.strlen   0xc0d06cc8       0x68 /home/boczeratul/bolos-devenv/gcc-arm-none-eabi-5_3-2016q1/bin/../lib/gcc/arm-none-eabi/5.3.1/../../../../arm-none-eabi/lib/armv6-m/libc.a(lib_a-strlen-stub.o)
                0xc0d06cc8                strlen
 *(.rodata)
 *(.rodata.[^N]*)
 .rodata.C_icon_back_colors
                0xc0d06d30        0x8 obj/glyphs.o
                0xc0d06d30                C_icon_back_colors
 .rodata.C_icon_back_bitmap
                0xc0d06d38       0x19 obj/glyphs.o
                0xc0d06d38                C_icon_back_bitmap
 *fill*         0xc0d06d51        0x3 00
 .rodata.C_icon_back
                0xc0d06d54       0x14 obj/glyphs.o
                0xc0d06d54                C_icon_back
 .rodata.C_icon_dashboard_colors
                0xc0d06d68        0x8 obj/glyphs.o
                0xc0d06d68                C_icon_dashboard_colors
 .rodata.C_icon_dashboard_bitmap
                0xc0d06d70       0x19 obj/glyphs.o
                0xc0d06d70                C_icon_dashboard_bitmap
 *fill*         0xc0d06d89        0x3 00
 .rodata.C_icon_dashboard
                0xc0d06d8c       0x14 obj/glyphs.o
                0xc0d06d8c                C_icon_dashboard
 .rodata.str1.1
                0xc0d06da0       0xf5 obj/main.o
 *fill*         0xc0d06e95        0x3 00
 .rodata.menu_settings_data
                0xc0d06e98       0x54 obj/main.o
                0xc0d06e98                menu_settings_data
 .rodata.menu_settings_details
                0xc0d06eec       0x54 obj/main.o
                0xc0d06eec                menu_settings_details
 .rodata.menu_settings
                0xc0d06f40       0x70 obj/main.o
                0xc0d06f40                menu_settings
 .rodata.menu_about
                0xc0d06fb0       0x54 obj/main.o
                0xc0d06fb0                menu_about
 .rodata.menu_main
                0xc0d07004       0x8c obj/main.o
                0xc0d07004                menu_main
 .rodata.ui_address_nanos
                0xc0d07090      0x188 obj/main.o
                0xc0d07090                ui_address_nanos
 .rodata.ui_approval_nanos
                0xc0d07218      0x2d8 obj/main.o
                0xc0d07218                ui_approval_nanos
 .rodata.ui_approval_signMessage_nanos
                0xc0d074f0      0x188 obj/main.o
                0xc0d074f0                ui_approval_signMessage_nanos
 .rodata.ui_data_selector_nanos
                0xc0d07678      0x188 obj/main.o
                0xc0d07678                ui_data_selector_nanos
 .rodata.ui_data_parameter_nanos
                0xc0d07800      0x188 obj/main.o
                0xc0d07800                ui_data_parameter_nanos
 .rodata.TOKEN_TRANSFER_ID
                0xc0d07988        0x4 obj/main.o
 .rodata.CONTRACT_ADDRESS
                0xc0d0798c        0xd obj/main.o
 .rodata.TOKEN_SIGNATURE_PUBLIC_KEY
                0xc0d07999       0x41 obj/main.o
 .rodata.SIGN_MAGIC
                0xc0d079da       0x1b obj/main.o
 *fill*         0xc0d079f5        0x3 00
 .rodata.C_chain_config
                0xc0d079f8        0xc obj/main.o
                0xc0d079f8                C_chain_config
 *fill*         0xc0d07a04        0xc 00
 .rodata..Lswitch.table
                0xc0d07a10       0x5c obj/main.o
 .rodata.ux_menu_elements
                0xc0d07a6c      0x1f8 obj/os_io_seproxyhal.o
                0xc0d07a6c                ux_menu_elements
 .rodata.UX_MENU_END_ENTRY
                0xc0d07c64       0x1c obj/os_io_seproxyhal.o
                0xc0d07c64                UX_MENU_END_ENTRY
 .rodata.TOKENS_AKROMA
                0xc0d07c80        0x0 obj/tokens.o
                0xc0d07c80                TOKENS_AKROMA
 .rodata.TOKENS_ETHEREUM
                0xc0d07c80     0x8572 obj/tokens.o
                0xc0d07c80                TOKENS_ETHEREUM
 .rodata.TOKENS_ELLAISM
                0xc0d101f2       0x1f obj/tokens.o
                0xc0d101f2                TOKENS_ELLAISM
 .rodata.TOKENS_ETHEREUM_CLASSIC
                0xc0d10211       0x7c obj/tokens.o
                0xc0d10211                TOKENS_ETHEREUM_CLASSIC
 .rodata.TOKENS_ETHERSOCIAL
                0xc0d1028d        0x0 obj/tokens.o
                0xc0d1028d                TOKENS_ETHERSOCIAL
 .rodata.TOKENS_ETHER1
                0xc0d1028d        0x0 obj/tokens.o
                0xc0d1028d                TOKENS_ETHER1
 .rodata.TOKENS_PIRL
                0xc0d1028d        0x0 obj/tokens.o
                0xc0d1028d                TOKENS_PIRL
 .rodata.TOKENS_POA
                0xc0d1028d        0x0 obj/tokens.o
                0xc0d1028d                TOKENS_POA
 .rodata.TOKENS_RSK
                0xc0d1028d        0x0 obj/tokens.o
                0xc0d1028d                TOKENS_RSK
 .rodata.TOKENS_UBIQ
                0xc0d1028d       0xba obj/tokens.o
                0xc0d1028d                TOKENS_UBIQ
 .rodata.TOKENS_EXPANSE
                0xc0d10347        0x0 obj/tokens.o
                0xc0d10347                TOKENS_EXPANSE
 .rodata.TOKENS_WANCHAIN
                0xc0d10347        0x0 obj/tokens.o
                0xc0d10347                TOKENS_WANCHAIN
 .rodata.TOKENS_KUSD
                0xc0d10347        0x0 obj/tokens.o
                0xc0d10347                TOKENS_KUSD
 .rodata.TOKENS_MUSICOIN
                0xc0d10347        0x0 obj/tokens.o
                0xc0d10347                TOKENS_MUSICOIN
 .rodata.TOKENS_CALLISTO
                0xc0d10347        0x0 obj/tokens.o
                0xc0d10347                TOKENS_CALLISTO
 .rodata.TOKENS_ETHERGEM
                0xc0d10347        0x0 obj/tokens.o
                0xc0d10347                TOKENS_ETHERGEM
 .rodata.TOKENS_ATHEIOS
                0xc0d10347        0x0 obj/tokens.o
                0xc0d10347                TOKENS_ATHEIOS
 .rodata.TOKENS_GOCHAIN
                0xc0d10347        0x0 obj/tokens.o
                0xc0d10347                TOKENS_GOCHAIN
 .rodata.TOKENS_MIX
                0xc0d10347        0x0 obj/tokens.o
                0xc0d10347                TOKENS_MIX
 .rodata.TOKENS_REOSC
                0xc0d10347        0x0 obj/tokens.o
                0xc0d10347                TOKENS_REOSC
 .rodata.TOKENS_HPB
                0xc0d10347        0x0 obj/tokens.o
                0xc0d10347                TOKENS_HPB
 .rodata.TOKENS_TOMOCHAIN
                0xc0d10347        0x0 obj/tokens.o
                0xc0d10347                TOKENS_TOMOCHAIN
 .rodata.TOKENS_DEXON
                0xc0d10347        0x0 obj/tokens.o
                0xc0d10347                TOKENS_DEXON
 .rodata.SW_INTERNAL
                0xc0d10347        0x2 obj/u2f_impl.o
 .rodata.SW_BUSY
                0xc0d10349        0x2 obj/u2f_impl.o
 .rodata.SW_WRONG_LENGTH
                0xc0d1034b        0x2 obj/u2f_impl.o
 .rodata.SW_PROOF_OF_PRESENCE_REQUIRED
                0xc0d1034d        0x2 obj/u2f_impl.o
 .rodata.SW_BAD_KEY_HANDLE
                0xc0d1034f        0x2 obj/u2f_impl.o
 .rodata.U2F_VERSION
                0xc0d10351        0x8 obj/u2f_impl.o
 .rodata.INFO   0xc0d10359        0x4 obj/u2f_impl.o
 .rodata.SW_UNKNOWN_CLASS
                0xc0d1035d        0x2 obj/u2f_impl.o
 .rodata.SW_UNKNOWN_INSTRUCTION
                0xc0d1035f        0x2 obj/u2f_impl.o
 .rodata.BROADCAST_CHANNEL
                0xc0d10361        0x4 obj/u2f_transport.o
 .rodata.FORBIDDEN_CHANNEL
                0xc0d10365        0x4 obj/u2f_transport.o
 .rodata.str1.1
                0xc0d10369       0x11 obj/uint256.o
 *fill*         0xc0d1037a        0x2 00
 .rodata.USBD_HID_Desc_fido
                0xc0d1037c        0x9 obj/usbd_impl.o
                0xc0d1037c                USBD_HID_Desc_fido
 *fill*         0xc0d10385        0x3 00
 .rodata.USBD_HID_Desc
                0xc0d10388        0x9 obj/usbd_impl.o
                0xc0d10388                USBD_HID_Desc
 .rodata.HID_ReportDesc_fido
                0xc0d10391       0x22 obj/usbd_impl.o
 .rodata.HID_ReportDesc
                0xc0d103b3       0x22 obj/usbd_impl.o
 *fill*         0xc0d103d5        0x3 00
 .rodata.HID_Desc
                0xc0d103d8       0x20 obj/usbd_impl.o
                0xc0d103d8                HID_Desc
 .rodata.C_webusb_url_descriptor
                0xc0d103f8       0x17 obj/usbd_impl.o
                0xc0d103f8                C_webusb_url_descriptor
 .rodata.C_usb_bos
                0xc0d1040f       0x1d obj/usbd_impl.o
                0xc0d1040f                C_usb_bos
 .rodata.USBD_HID
                0xc0d1042c       0x38 obj/usbd_impl.o
 .rodata.USBD_U2F
                0xc0d10464       0x38 obj/usbd_impl.o
 .rodata.USBD_WEBUSB
                0xc0d1049c       0x38 obj/usbd_impl.o
 .rodata.USBD_DeviceDesc
                0xc0d104d4       0x12 obj/usbd_impl.o
 .rodata.USBD_LangIDDesc
                0xc0d104e6        0x4 obj/usbd_impl.o
 .rodata.USBD_MANUFACTURER_STRING
                0xc0d104ea        0xe obj/usbd_impl.o
 .rodata.USBD_PRODUCT_FS_STRING
                0xc0d104f8        0xe obj/usbd_impl.o
 .rodata.USB_SERIAL_STRING
                0xc0d10506        0xa obj/usbd_impl.o
 .rodata.USBD_CfgDesc
                0xc0d10510       0x60 obj/usbd_impl.o
 .rodata.USBD_DeviceQualifierDesc
                0xc0d10570        0xa obj/usbd_impl.o
 *(.rodata.N[^_]*)
                0xc0d1057c                . = ALIGN (0x4)
 *fill*         0xc0d1057a        0x2 00
                0xc0d1057c                _etext = .
                0xc0d10580                . = ALIGN (PAGE_SIZE)
 *fill*         0xc0d1057c        0x4 00
                0xc0d10580                _nvram_data = .
 *(.bss.N_* .rodata.N_*)
 .rodata.N_storage_real
                0xc0d10580        0x3 obj/main.o
                0xc0d10580                N_storage_real
                0xc0d105c0                . = ALIGN (PAGE_SIZE)
 *fill*         0xc0d10583       0x3d 00
                0xc0d105c0                _install_parameters = .
                [!provide]                PROVIDE (N_install_parameters, .)
                0xc0d105c0                _envram = .
                0x00000040                _nvram_data_size = (_envram - _nvram_data)

.glue_7         0xc0d105c0        0x0
 .glue_7        0xc0d105c0        0x0 linker stubs

.glue_7t        0xc0d105c0        0x0
 .glue_7t       0xc0d105c0        0x0 linker stubs

.vfp11_veneer   0xc0d105c0        0x0
 .vfp11_veneer  0xc0d105c0        0x0 linker stubs

.v4_bx          0xc0d105c0        0x0
 .v4_bx         0xc0d105c0        0x0 linker stubs

.iplt           0xc0d105c0        0x0
 .iplt          0xc0d105c0        0x0 obj/cx_compliance_141.o

.data           0xd0000000        0x0
                0xd0000000                . = ALIGN (0x4)
                0xd0000000                _data = .
 *(vtable)
 *(.data*)
                0xd0000000                _edata = .

.igot.plt       0xd0000000        0x0
 .igot.plt      0xd0000000        0x0 obj/cx_compliance_141.o

.bss            0x20001800      0xab0
                0x20001800                _bss = .
 *(.bss*)
 .bss.dataAllowed
                0x20001800        0x1 obj/main.o
                0x20001800                dataAllowed
 .bss.contractDetails
                0x20001801        0x1 obj/main.o
                0x20001801                contractDetails
 .bss.strings   0x20001802       0x8f obj/main.o
                0x20001802                strings
 *fill*         0x20001891        0x3 00
 .bss.ux_step   0x20001894        0x4 obj/main.o
                0x20001894                ux_step
 .bss.ux        0x20001898       0xb0 obj/main.o
                0x20001898                ux
 .bss.dataPresent
                0x20001948        0x1 obj/main.o
                0x20001948                dataPresent
 *fill*         0x20001949        0x3 00
 .bss.tmpContent
                0x2000194c       0x80 obj/main.o
                0x2000194c                tmpContent
 .bss.tmpCtx    0x200019cc       0x98 obj/main.o
                0x200019cc                tmpCtx
 .bss.txContext
                0x20001a64       0x3c obj/main.o
                0x20001a64                txContext
 .bss.chainConfig
                0x20001aa0        0x4 obj/main.o
                0x20001aa0                chainConfig
 .bss.currentTokenSet
                0x20001aa4        0x1 obj/main.o
                0x20001aa4                currentTokenSet
 .bss.tokenProvisioned
                0x20001aa5        0x1 obj/main.o
                0x20001aa5                tokenProvisioned
 *fill*         0x20001aa6        0x2 00
 .bss.dataContext
                0x20001aa8       0x48 obj/main.o
                0x20001aa8                dataContext
 .bss.ux_step_count
                0x20001af0        0x4 obj/main.o
                0x20001af0                ux_step_count
 *fill*         0x20001af4        0x4 00
 .bss.sha3      0x20001af8      0x1a8 obj/main.o
                0x20001af8                sha3
 .bss.addressSummary
                0x20001ca0       0x20 obj/main.o
                0x20001ca0                addressSummary
 .bss.G_io_seproxyhal_spi_buffer
                0x20001cc0       0x80 obj/main.o
                0x20001cc0                G_io_seproxyhal_spi_buffer
 .bss.G_io_usb_hid_sequence_number
                0x20001d40        0x4 obj/os.o
                0x20001d40                G_io_usb_hid_sequence_number
 .bss.G_io_usb_hid_total_length
                0x20001d44        0x4 obj/os.o
                0x20001d44                G_io_usb_hid_total_length
 .bss.G_io_usb_hid_remaining_length
                0x20001d48        0x4 obj/os.o
                0x20001d48                G_io_usb_hid_remaining_length
 .bss.G_io_apdu_buffer
                0x20001d4c      0x151 obj/os.o
                0x20001d4c                G_io_apdu_buffer
 *fill*         0x20001e9d        0x3 00
 .bss.G_io_usb_hid_current_buffer
                0x20001ea0        0x4 obj/os.o
                0x20001ea0                G_io_usb_hid_current_buffer
 .bss.G_io_usb_hid_channel
                0x20001ea4        0x4 obj/os.o
                0x20001ea4                G_io_usb_hid_channel
 .bss.G_io_apdu_media
                0x20001ea8        0x1 obj/os_io_seproxyhal.o
                0x20001ea8                G_io_apdu_media
 .bss.G_io_usb_ep_xfer_len
                0x20001ea9        0x6 obj/os_io_seproxyhal.o
 *fill*         0x20001eaf        0x1 00
 .bss.G_io_usb_ep_timeouts
                0x20001eb0        0xc obj/os_io_seproxyhal.o
                0x20001eb0                G_io_usb_ep_timeouts
 .bss.G_io_apdu_state
                0x20001ebc        0x1 obj/os_io_seproxyhal.o
                0x20001ebc                G_io_apdu_state
 *fill*         0x20001ebd        0x1 00
 .bss.G_io_apdu_length
                0x20001ebe        0x2 obj/os_io_seproxyhal.o
                0x20001ebe                G_io_apdu_length
 .bss.G_bagl_last_touched_not_released_component
                0x20001ec0        0x4 obj/os_io_seproxyhal.o
                0x20001ec0                G_bagl_last_touched_not_released_component
 .bss.G_button_mask
                0x20001ec4        0x4 obj/os_io_seproxyhal.o
                0x20001ec4                G_button_mask
 .bss.G_button_same_mask_counter
                0x20001ec8        0x4 obj/os_io_seproxyhal.o
                0x20001ec8                G_button_same_mask_counter
 .bss.G_io_u2f  0x20001ecc       0x38 obj/os_io_seproxyhal.o
                0x20001ecc                G_io_u2f
 .bss.ux_menu   0x20001f04       0x4c obj/os_io_seproxyhal.o
                0x20001f04                ux_menu
 .bss.G_io_usb_ep_buffer
                0x20001f50       0x40 obj/os_io_seproxyhal.o
                0x20001f50                G_io_usb_ep_buffer
 .bss.ep_in_stall
                0x20001f90        0x4 obj/usbd_conf.o
                0x20001f90                ep_in_stall
 .bss.ep_out_stall
                0x20001f94        0x4 obj/usbd_conf.o
                0x20001f94                ep_out_stall
 .bss.USBD_Device
                0x20001f98      0x114 obj/usbd_core.o
                0x20001f98                USBD_Device
                0x200020ac                _ebss = .
                0x200020ac                . = ALIGN (0x4)
                0x200020ac                app_stack_canary = .
                [!provide]                PROVIDE (app_stack_canary, .)
                0x200020b0                . = (. + 0x4)
 *fill*         0x200020ac        0x4 00
                0x200020b0                _stack_validation = .
                0x200022b0                . = (_stack_validation + STACK_SIZE)
 *fill*         0x200020b0      0x200 00
                0x20002600                _stack = (ABSOLUTE (END_STACK) - STACK_SIZE)
                [!provide]                PROVIDE (_stack, (ABSOLUTE (END_STACK) - STACK_SIZE))
                0x20002800                _estack = ABSOLUTE (END_STACK)
                [!provide]                PROVIDE (_estack, ABSOLUTE (END_STACK))

DEBUG           0xd0000000        0x8
 libc.a(*)
 libm.a(*)
 libgcc.a(*)
 *(.ARM.exidx* .gnu.linkonce.armexidx.*)
 .ARM.exidx.text.cx_hash_X
                0xd0000000        0x0 obj/cx_compliance_141.o
                                  0x8 (size before relaxing)
 .ARM.exidx.text.cx_hash_sha256_X
                0xd0000000        0x0 obj/cx_compliance_141.o
                                  0x8 (size before relaxing)
 .ARM.exidx.text.cx_ecfp_get_domain_length
                0xd0000000        0x0 obj/cx_compliance_141.o
                                  0x8 (size before relaxing)
 .ARM.exidx.text.cx_ecdsa_sign_X
                0xd0000000        0x0 obj/cx_compliance_141.o
                                  0x8 (size before relaxing)
 .ARM.exidx.text.initTx
                0xd0000000        0x0 obj/ethUstream.o
                                  0x8 (size before relaxing)
 .ARM.exidx.text.readTxByte
                0xd0000000        0x0 obj/ethUstream.o
                                  0x8 (size before relaxing)
 .ARM.exidx.text.copyTxData
                0xd0000000        0x0 obj/ethUstream.o
                                  0x8 (size before relaxing)
 .ARM.exidx.text.processTx
                0xd0000000        0x0 obj/ethUstream.o
                                  0x8 (size before relaxing)
 .ARM.exidx.text.processTxInternal
                0xd0000000        0x0 obj/ethUstream.o
                                  0x8 (size before relaxing)
 .ARM.exidx.text.continueTx
                0xd0000000        0x0 obj/ethUstream.o
                                  0x8 (size before relaxing)
 .ARM.exidx.text.rlpCanDecode
                0xd0000000        0x0 obj/ethUtils.o
                                  0x8 (size before relaxing)
 .ARM.exidx.text.rlpDecodeLength
                0xd0000000        0x0 obj/ethUtils.o
                                  0x8 (size before relaxing)
 .ARM.exidx.text.getEthAddressStringFromKey
                0xd0000000        0x0 obj/ethUtils.o
                                  0x8 (size before relaxing)
 .ARM.exidx.text.getEthAddressStringFromBinary
                0xd0000000        0x0 obj/ethUtils.o
                                  0x8 (size before relaxing)
 .ARM.exidx.text.adjustDecimals
                0xd0000000        0x0 obj/ethUtils.o
                                  0x8 (size before relaxing)
 .ARM.exidx.text.menu_settings_data_change
                0xd0000000        0x0 obj/main.o
                                  0x8 (size before relaxing)
 .ARM.exidx.text.menu_settings_details_change
                0xd0000000        0x0 obj/main.o
                                  0x8 (size before relaxing)
 .ARM.exidx.text.menu_settings_data_init
                0xd0000000        0x0 obj/main.o
                                  0x8 (size before relaxing)
 .ARM.exidx.text.menu_settings_details_init
                0xd0000000        0x0 obj/main.o
                                  0x8 (size before relaxing)
 .ARM.exidx.text.ui_address_prepro
                0xd0000000        0x0 obj/main.o
                                  0x8 (size before relaxing)
 .ARM.exidx.text.ui_approval_prepro
                0xd0000000        0x0 obj/main.o
                                  0x8 (size before relaxing)
 .ARM.exidx.text.ui_approval_signMessage_prepro
                0xd0000000        0x0 obj/main.o
                                  0x8 (size before relaxing)
 .ARM.exidx.text.ui_data_selector_prepro
                0xd0000000        0x0 obj/main.o
                                  0x8 (size before relaxing)
 .ARM.exidx.text.ui_data_parameter_prepro
                0xd0000000        0x0 obj/main.o
                                  0x8 (size before relaxing)
 .ARM.exidx.text.ui_idle
                0xd0000000        0x0 obj/main.o
                                  0x8 (size before relaxing)
 .ARM.exidx.text.io_seproxyhal_touch_address_ok
                0xd0000000        0x0 obj/main.o
                                  0x8 (size before relaxing)
 .ARM.exidx.text.set_result_get_publicKey
                0xd0000000        0x0 obj/main.o
                                  0x8 (size before relaxing)
 .ARM.exidx.text.ui_address_nanos_button
                0xd0000000        0x0 obj/main.o
                                  0x8 (size before relaxing)
 .ARM.exidx.text.io_seproxyhal_touch_tx_ok
                0xd0000000        0x0 obj/main.o
                                  0x8 (size before relaxing)
 .ARM.exidx.text.io_seproxyhal_touch_signMessage_ok
                0xd0000000        0x0 obj/main.o
                                  0x8 (size before relaxing)
 .ARM.exidx.text.io_seproxyhal_touch_data_ok
                0xd0000000        0x0 obj/main.o
                                  0x8 (size before relaxing)
 .ARM.exidx.text.finalizeParsing
                0xd0000000        0x0 obj/main.o
                                  0x8 (size before relaxing)
 .ARM.exidx.text.ui_approval_nanos_button
                0xd0000000        0x0 obj/main.o
                                  0x8 (size before relaxing)
 .ARM.exidx.text.ui_approval_signMessage_nanos_button
                0xd0000000        0x0 obj/main.o
                                  0x8 (size before relaxing)
 .ARM.exidx.text.ui_data_selector_nanos_button
                0xd0000000        0x0 obj/main.o
                                  0x8 (size before relaxing)
 .ARM.exidx.text.ui_data_parameter_nanos_button
                0xd0000000        0x0 obj/main.o
                                  0x8 (size before relaxing)
 .ARM.exidx.text.io_exchange_al
                0xd0000000        0x0 obj/main.o
                                  0x8 (size before relaxing)
 .ARM.exidx.text.splitBinaryParameterPart
                0xd0000000        0x0 obj/main.o
                                  0x8 (size before relaxing)
 .ARM.exidx.text.getKnownToken
                0xd0000000        0x0 obj/main.o
                                  0x8 (size before relaxing)
 .ARM.exidx.text.customProcessor
                0xd0000000        0x0 obj/main.o
                                  0x8 (size before relaxing)
 .ARM.exidx.text.io_seproxyhal_display
                0xd0000000        0x0 obj/main.o
                                  0x8 (size before relaxing)
 .ARM.exidx.text.handleGetPublicKey
                0xd0000000        0x0 obj/main.o
                                  0x8 (size before relaxing)
 .ARM.exidx.text.handleProvideErc20TokenInformation
                0xd0000000        0x0 obj/main.o
                                  0x8 (size before relaxing)
 .ARM.exidx.text.handleSign
                0xd0000000        0x0 obj/main.o
                                  0x8 (size before relaxing)
 .ARM.exidx.text.handleGetAppConfiguration
                0xd0000000        0x0 obj/main.o
                                  0x8 (size before relaxing)
 .ARM.exidx.text.handleSignPersonalMessage
                0xd0000000        0x0 obj/main.o
                                  0x8 (size before relaxing)
 .ARM.exidx.text.handleApdu
                0xd0000000        0x0 obj/main.o
                                  0x8 (size before relaxing)
 .ARM.exidx.text.sample_main
                0xd0000000        0x0 obj/main.o
                                  0x8 (size before relaxing)
 .ARM.exidx.text.io_event
                0xd0000000        0x0 obj/main.o
                                  0x8 (size before relaxing)
 .ARM.exidx.text.app_exit
                0xd0000000        0x0 obj/main.o
                                  0x8 (size before relaxing)
 .ARM.exidx.boot
                0xd0000000        0x8 obj/main.o
 .ARM.exidx.text.os_boot
                0xd0000008        0x0 obj/os.o
                                  0x8 (size before relaxing)
 .ARM.exidx.text.try_context_set
                0xd0000008        0x0 obj/os.o
                                  0x8 (size before relaxing)
 .ARM.exidx.text.io_usb_hid_receive
                0xd0000008        0x0 obj/os.o
                                  0x8 (size before relaxing)
 .ARM.exidx.text.os_memset
                0xd0000008        0x0 obj/os.o
                                  0x8 (size before relaxing)
 .ARM.exidx.text.os_memmove
                0xd0000008        0x0 obj/os.o
                                  0x8 (size before relaxing)
 .ARM.exidx.text.io_usb_hid_init
                0xd0000008        0x0 obj/os.o
                                  0x8 (size before relaxing)
 .ARM.exidx.text.io_usb_hid_sent
                0xd0000008        0x0 obj/os.o
                                  0x8 (size before relaxing)
 .ARM.exidx.text.io_usb_hid_send
                0xd0000008        0x0 obj/os.o
                                  0x8 (size before relaxing)
 .ARM.exidx.text.os_memcmp
                0xd0000008        0x0 obj/os.o
                                  0x8 (size before relaxing)
 .ARM.exidx.text.os_longjmp
                0xd0000008        0x0 obj/os.o
                                  0x8 (size before relaxing)
 .ARM.exidx.text.try_context_get
                0xd0000008        0x0 obj/os.o
                                  0x8 (size before relaxing)
 .ARM.exidx.text.try_context_get_previous
                0xd0000008        0x0 obj/os.o
                                  0x8 (size before relaxing)
 .ARM.exidx.text.io_seproxyhal_general_status
                0xd0000008        0x0 obj/os_io_seproxyhal.o
                                  0x8 (size before relaxing)
 .ARM.exidx.text.io_seproxyhal_handle_usb_event
                0xd0000008        0x0 obj/os_io_seproxyhal.o
                                  0x8 (size before relaxing)
 .ARM.exidx.text.io_seproxyhal_get_ep_rx_size
                0xd0000008        0x0 obj/os_io_seproxyhal.o
                                  0x8 (size before relaxing)
 .ARM.exidx.text.io_seproxyhal_handle_usb_ep_xfer_event
                0xd0000008        0x0 obj/os_io_seproxyhal.o
                                  0x8 (size before relaxing)
 .ARM.exidx.text.io_usb_send_ep
                0xd0000008        0x0 obj/os_io_seproxyhal.o
                                  0x8 (size before relaxing)
 .ARM.exidx.text.io_usb_send_apdu_data
                0xd0000008        0x0 obj/os_io_seproxyhal.o
                                  0x8 (size before relaxing)
 .ARM.exidx.text.io_usb_send_apdu_data_ep0x83
                0xd0000008        0x0 obj/os_io_seproxyhal.o
                                  0x8 (size before relaxing)
 .ARM.exidx.text.io_seproxyhal_handle_capdu_event
                0xd0000008        0x0 obj/os_io_seproxyhal.o
                                  0x8 (size before relaxing)
 .ARM.exidx.text.io_seproxyhal_handle_event
                0xd0000008        0x0 obj/os_io_seproxyhal.o
                                  0x8 (size before relaxing)
 .ARM.exidx.text.io_seproxyhal_init
                0xd0000008        0x0 obj/os_io_seproxyhal.o
                                  0x8 (size before relaxing)
 .ARM.exidx.text.io_seproxyhal_init_ux
                0xd0000008        0x0 obj/os_io_seproxyhal.o
                                  0x8 (size before relaxing)
 .ARM.exidx.text.io_seproxyhal_init_button
                0xd0000008        0x0 obj/os_io_seproxyhal.o
                                  0x8 (size before relaxing)
 .ARM.exidx.text.io_seproxyhal_touch_out
                0xd0000008        0x0 obj/os_io_seproxyhal.o
                                  0x8 (size before relaxing)
 .ARM.exidx.text.io_seproxyhal_touch_over
                0xd0000008        0x0 obj/os_io_seproxyhal.o
                                  0x8 (size before relaxing)
 .ARM.exidx.text.io_seproxyhal_touch_tap
                0xd0000008        0x0 obj/os_io_seproxyhal.o
                                  0x8 (size before relaxing)
 .ARM.exidx.text.io_seproxyhal_touch_element_callback
                0xd0000008        0x0 obj/os_io_seproxyhal.o
                                  0x8 (size before relaxing)
 .ARM.exidx.text.io_seproxyhal_display_icon
                0xd0000008        0x0 obj/os_io_seproxyhal.o
                                  0x8 (size before relaxing)
 .ARM.exidx.text.io_seproxyhal_display_default
                0xd0000008        0x0 obj/os_io_seproxyhal.o
                                  0x8 (size before relaxing)
 .ARM.exidx.text.bagl_label_roundtrip_duration_ms
                0xd0000008        0x0 obj/os_io_seproxyhal.o
                                  0x8 (size before relaxing)
 .ARM.exidx.text.bagl_label_roundtrip_duration_ms_buf
                0xd0000008        0x0 obj/os_io_seproxyhal.o
                                  0x8 (size before relaxing)
 .ARM.exidx.text.io_seproxyhal_button_push
                0xd0000008        0x0 obj/os_io_seproxyhal.o
                                  0x8 (size before relaxing)
 .ARM.exidx.text.os_io_seproxyhal_get_app_name_and_version
                0xd0000008        0x0 obj/os_io_seproxyhal.o
                                  0x8 (size before relaxing)
 .ARM.exidx.text.io_exchange
                0xd0000008        0x0 obj/os_io_seproxyhal.o
                                  0x8 (size before relaxing)
 .ARM.exidx.text.ux_menu_element_preprocessor
                0xd0000008        0x0 obj/os_io_seproxyhal.o
                                  0x8 (size before relaxing)
 .ARM.exidx.text.ux_menu_elements_button
                0xd0000008        0x0 obj/os_io_seproxyhal.o
                                  0x8 (size before relaxing)
 .ARM.exidx.text.ux_menu_display
                0xd0000008        0x0 obj/os_io_seproxyhal.o
                                  0x8 (size before relaxing)
 .ARM.exidx.text.ux_check_status_default
                0xd0000008        0x0 obj/os_io_seproxyhal.o
                                  0x8 (size before relaxing)
 .ARM.exidx.text.snprintf
                0xd0000008        0x0 obj/os_printf.o
                                  0x8 (size before relaxing)
 .ARM.exidx.text.pic
                0xd0000008        0x0 obj/pic.o
                                  0x8 (size before relaxing)
 .ARM.exidx.text.pic_internal
                0xd0000008        0x0 obj/pic_internal.o
                                  0x8 (size before relaxing)
 .ARM.exidx.text.SVC_Call
                0xd0000008        0x0 obj/syscalls.o
                                  0x8 (size before relaxing)
 .ARM.exidx.text.check_api_level
                0xd0000008        0x0 obj/syscalls.o
                                  0x8 (size before relaxing)
 .ARM.exidx.text.reset
                0xd0000008        0x0 obj/syscalls.o
                                  0x8 (size before relaxing)
 .ARM.exidx.text.nvm_write
                0xd0000008        0x0 obj/syscalls.o
                                  0x8 (size before relaxing)
 .ARM.exidx.text.cx_rng
                0xd0000008        0x0 obj/syscalls.o
                                  0x8 (size before relaxing)
 .ARM.exidx.text.cx_hash
                0xd0000008        0x0 obj/syscalls.o
                                  0x8 (size before relaxing)
 .ARM.exidx.text.cx_sha256_init
                0xd0000008        0x0 obj/syscalls.o
                                  0x8 (size before relaxing)
 .ARM.exidx.text.cx_hash_sha256
                0xd0000008        0x0 obj/syscalls.o
                                  0x8 (size before relaxing)
 .ARM.exidx.text.cx_keccak_init
                0xd0000008        0x0 obj/syscalls.o
                                  0x8 (size before relaxing)
 .ARM.exidx.text.cx_ecfp_init_public_key
                0xd0000008        0x0 obj/syscalls.o
                                  0x8 (size before relaxing)
 .ARM.exidx.text.cx_ecfp_init_private_key
                0xd0000008        0x0 obj/syscalls.o
                                  0x8 (size before relaxing)
 .ARM.exidx.text.cx_ecfp_generate_pair
                0xd0000008        0x0 obj/syscalls.o
                                  0x8 (size before relaxing)
 .ARM.exidx.text.cx_ecdsa_sign
                0xd0000008        0x0 obj/syscalls.o
                                  0x8 (size before relaxing)
 .ARM.exidx.text.cx_ecdsa_verify
                0xd0000008        0x0 obj/syscalls.o
                                  0x8 (size before relaxing)
 .ARM.exidx.text.os_perso_derive_node_bip32
                0xd0000008        0x0 obj/syscalls.o
                                  0x8 (size before relaxing)
 .ARM.exidx.text.os_sched_exit
                0xd0000008        0x0 obj/syscalls.o
                                  0x8 (size before relaxing)
 .ARM.exidx.text.os_ux
                0xd0000008        0x0 obj/syscalls.o
                                  0x8 (size before relaxing)
 .ARM.exidx.text.os_lib_throw
                0xd0000008        0x0 obj/syscalls.o
                                  0x8 (size before relaxing)
 .ARM.exidx.text.os_flags
                0xd0000008        0x0 obj/syscalls.o
                                  0x8 (size before relaxing)
 .ARM.exidx.text.os_registry_get_current_app_tag
                0xd0000008        0x0 obj/syscalls.o
                                  0x8 (size before relaxing)
 .ARM.exidx.text.io_seproxyhal_spi_send
                0xd0000008        0x0 obj/syscalls.o
                                  0x8 (size before relaxing)
 .ARM.exidx.text.io_seproxyhal_spi_is_status_sent
                0xd0000008        0x0 obj/syscalls.o
                                  0x8 (size before relaxing)
 .ARM.exidx.text.io_seproxyhal_spi_recv
                0xd0000008        0x0 obj/syscalls.o
                                  0x8 (size before relaxing)
 .ARM.exidx.text.u2f_apdu_sign
                0xd0000008        0x0 obj/u2f_impl.o
                                  0x8 (size before relaxing)
 .ARM.exidx.text.u2f_handle_cmd_init
                0xd0000008        0x0 obj/u2f_impl.o
                                  0x8 (size before relaxing)
 .ARM.exidx.text.u2f_handle_cmd_msg
                0xd0000008        0x0 obj/u2f_impl.o
                                  0x8 (size before relaxing)
 .ARM.exidx.text.u2f_message_complete
                0xd0000008        0x0 obj/u2f_impl.o
                                  0x8 (size before relaxing)
 .ARM.exidx.text.u2f_io_send
                0xd0000008        0x0 obj/u2f_io.o
                                  0x8 (size before relaxing)
 .ARM.exidx.text.u2f_transport_init
                0xd0000008        0x0 obj/u2f_transport.o
                                  0x8 (size before relaxing)
 .ARM.exidx.text.u2f_transport_sent
                0xd0000008        0x0 obj/u2f_transport.o
                                  0x8 (size before relaxing)
 .ARM.exidx.text.u2f_transport_received
                0xd0000008        0x0 obj/u2f_transport.o
                                  0x8 (size before relaxing)
 .ARM.exidx.text.u2f_is_channel_broadcast
                0xd0000008        0x0 obj/u2f_transport.o
                                  0x8 (size before relaxing)
 .ARM.exidx.text.u2f_message_reply
                0xd0000008        0x0 obj/u2f_transport.o
                                  0x8 (size before relaxing)
 .ARM.exidx.text.readUint64BE
                0xd0000008        0x0 obj/uint256.o
                                  0x8 (size before relaxing)
 .ARM.exidx.text.readu256BE
                0xd0000008        0x0 obj/uint256.o
                                  0x8 (size before relaxing)
 .ARM.exidx.text.shiftl128
                0xd0000008        0x0 obj/uint256.o
                                  0x8 (size before relaxing)
 .ARM.exidx.text.shiftl256
                0xd0000008        0x0 obj/uint256.o
                                  0x8 (size before relaxing)
 .ARM.exidx.text.shiftr128
                0xd0000008        0x0 obj/uint256.o
                                  0x8 (size before relaxing)
 .ARM.exidx.text.shiftr256
                0xd0000008        0x0 obj/uint256.o
                                  0x8 (size before relaxing)
 .ARM.exidx.text.bits256
                0xd0000008        0x0 obj/uint256.o
                                  0x8 (size before relaxing)
 .ARM.exidx.text.gt256
                0xd0000008        0x0 obj/uint256.o
                                  0x8 (size before relaxing)
 .ARM.exidx.text.gte256
                0xd0000008        0x0 obj/uint256.o
                                  0x8 (size before relaxing)
 .ARM.exidx.text.add256
                0xd0000008        0x0 obj/uint256.o
                                  0x8 (size before relaxing)
 .ARM.exidx.text.minus256
                0xd0000008        0x0 obj/uint256.o
                                  0x8 (size before relaxing)
 .ARM.exidx.text.mul128
                0xd0000008        0x0 obj/uint256.o
                                  0x8 (size before relaxing)
 .ARM.exidx.text.mul256
                0xd0000008        0x0 obj/uint256.o
                                  0x8 (size before relaxing)
 .ARM.exidx.text.divmod256
                0xd0000008        0x0 obj/uint256.o
                                  0x8 (size before relaxing)
 .ARM.exidx.text.tostring256
                0xd0000008        0x0 obj/uint256.o
                                  0x8 (size before relaxing)
 .ARM.exidx.text.USBD_LL_Init
                0xd0000008        0x0 obj/usbd_conf.o
                                  0x8 (size before relaxing)
 .ARM.exidx.text.USBD_LL_DeInit
                0xd0000008        0x0 obj/usbd_conf.o
                                  0x8 (size before relaxing)
 .ARM.exidx.text.USBD_LL_Start
                0xd0000008        0x0 obj/usbd_conf.o
                                  0x8 (size before relaxing)
 .ARM.exidx.text.USBD_LL_Stop
                0xd0000008        0x0 obj/usbd_conf.o
                                  0x8 (size before relaxing)
 .ARM.exidx.text.USBD_LL_OpenEP
                0xd0000008        0x0 obj/usbd_conf.o
                                  0x8 (size before relaxing)
 .ARM.exidx.text.USBD_LL_CloseEP
                0xd0000008        0x0 obj/usbd_conf.o
                                  0x8 (size before relaxing)
 .ARM.exidx.text.USBD_LL_StallEP
                0xd0000008        0x0 obj/usbd_conf.o
                                  0x8 (size before relaxing)
 .ARM.exidx.text.USBD_LL_ClearStallEP
                0xd0000008        0x0 obj/usbd_conf.o
                                  0x8 (size before relaxing)
 .ARM.exidx.text.USBD_LL_IsStallEP
                0xd0000008        0x0 obj/usbd_conf.o
                                  0x8 (size before relaxing)
 .ARM.exidx.text.USBD_LL_SetUSBAddress
                0xd0000008        0x0 obj/usbd_conf.o
                                  0x8 (size before relaxing)
 .ARM.exidx.text.USBD_LL_Transmit
                0xd0000008        0x0 obj/usbd_conf.o
                                  0x8 (size before relaxing)
 .ARM.exidx.text.USBD_LL_PrepareReceive
                0xd0000008        0x0 obj/usbd_conf.o
                                  0x8 (size before relaxing)
 .ARM.exidx.text.USBD_Init
                0xd0000008        0x0 obj/usbd_core.o
                                  0x8 (size before relaxing)
 .ARM.exidx.text.USBD_DeInit
                0xd0000008        0x0 obj/usbd_core.o
                                  0x8 (size before relaxing)
 .ARM.exidx.text.USBD_RegisterClassForInterface
                0xd0000008        0x0 obj/usbd_core.o
                                  0x8 (size before relaxing)
 .ARM.exidx.text.USBD_Start
                0xd0000008        0x0 obj/usbd_core.o
                                  0x8 (size before relaxing)
 .ARM.exidx.text.USBD_SetClassConfig
                0xd0000008        0x0 obj/usbd_core.o
                                  0x8 (size before relaxing)
 .ARM.exidx.text.USBD_ClrClassConfig
                0xd0000008        0x0 obj/usbd_core.o
                                  0x8 (size before relaxing)
 .ARM.exidx.text.USBD_LL_SetupStage
                0xd0000008        0x0 obj/usbd_core.o
                                  0x8 (size before relaxing)
 .ARM.exidx.text.USBD_LL_DataOutStage
                0xd0000008        0x0 obj/usbd_core.o
                                  0x8 (size before relaxing)
 .ARM.exidx.text.USBD_LL_DataInStage
                0xd0000008        0x0 obj/usbd_core.o
                                  0x8 (size before relaxing)
 .ARM.exidx.text.USBD_LL_Reset
                0xd0000008        0x0 obj/usbd_core.o
                                  0x8 (size before relaxing)
 .ARM.exidx.text.USBD_LL_SetSpeed
                0xd0000008        0x0 obj/usbd_core.o
                                  0x8 (size before relaxing)
 .ARM.exidx.text.USBD_LL_Suspend
                0xd0000008        0x0 obj/usbd_core.o
                                  0x8 (size before relaxing)
 .ARM.exidx.text.USBD_LL_Resume
                0xd0000008        0x0 obj/usbd_core.o
                                  0x8 (size before relaxing)
 .ARM.exidx.text.USBD_LL_SOF
                0xd0000008        0x0 obj/usbd_core.o
                                  0x8 (size before relaxing)
 .ARM.exidx.text.usbd_is_valid_intf
                0xd0000008        0x0 obj/usbd_ctlreq.o
                                  0x8 (size before relaxing)
 .ARM.exidx.text.USBD_StdDevReq
                0xd0000008        0x0 obj/usbd_ctlreq.o
                                  0x8 (size before relaxing)
 .ARM.exidx.text.USBD_GetDescriptor
                0xd0000008        0x0 obj/usbd_ctlreq.o
                                  0x8 (size before relaxing)
 .ARM.exidx.text.USBD_SetAddress
                0xd0000008        0x0 obj/usbd_ctlreq.o
                                  0x8 (size before relaxing)
 .ARM.exidx.text.USBD_SetConfig
                0xd0000008        0x0 obj/usbd_ctlreq.o
                                  0x8 (size before relaxing)
 .ARM.exidx.text.USBD_GetConfig
                0xd0000008        0x0 obj/usbd_ctlreq.o
                                  0x8 (size before relaxing)
 .ARM.exidx.text.USBD_GetStatus
                0xd0000008        0x0 obj/usbd_ctlreq.o
                                  0x8 (size before relaxing)
 .ARM.exidx.text.USBD_SetFeature
                0xd0000008        0x0 obj/usbd_ctlreq.o
                                  0x8 (size before relaxing)
 .ARM.exidx.text.USBD_ClrFeature
                0xd0000008        0x0 obj/usbd_ctlreq.o
                                  0x8 (size before relaxing)
 .ARM.exidx.text.USBD_StdItfReq
                0xd0000008        0x0 obj/usbd_ctlreq.o
                                  0x8 (size before relaxing)
 .ARM.exidx.text.USBD_StdEPReq
                0xd0000008        0x0 obj/usbd_ctlreq.o
                                  0x8 (size before relaxing)
 .ARM.exidx.text.USBD_ParseSetupRequest
                0xd0000008        0x0 obj/usbd_ctlreq.o
                                  0x8 (size before relaxing)
 .ARM.exidx.text.USBD_CtlStall
                0xd0000008        0x0 obj/usbd_ctlreq.o
                                  0x8 (size before relaxing)
 .ARM.exidx.text.USBD_HID_Setup
                0xd0000008        0x0 obj/usbd_hid.o
                                  0x8 (size before relaxing)
 .ARM.exidx.text.USBD_HID_Init
                0xd0000008        0x0 obj/usbd_hid.o
                                  0x8 (size before relaxing)
 .ARM.exidx.text.USBD_HID_DeInit
                0xd0000008        0x0 obj/usbd_hid.o
                                  0x8 (size before relaxing)
 .ARM.exidx.text.USBD_HID_GetHidDescriptor_impl
                0xd0000008        0x0 obj/usbd_impl.o
                                  0x8 (size before relaxing)
 .ARM.exidx.text.USBD_HID_GetReportDescriptor_impl
                0xd0000008        0x0 obj/usbd_impl.o
                                  0x8 (size before relaxing)
 .ARM.exidx.text.USBD_U2F_Init
                0xd0000008        0x0 obj/usbd_impl.o
                                  0x8 (size before relaxing)
 .ARM.exidx.text.USBD_U2F_DataIn_impl
                0xd0000008        0x0 obj/usbd_impl.o
                                  0x8 (size before relaxing)
 .ARM.exidx.text.USBD_U2F_DataOut_impl
                0xd0000008        0x0 obj/usbd_impl.o
                                  0x8 (size before relaxing)
 .ARM.exidx.text.USBD_HID_DataIn_impl
                0xd0000008        0x0 obj/usbd_impl.o
                                  0x8 (size before relaxing)
 .ARM.exidx.text.USBD_HID_DataOut_impl
                0xd0000008        0x0 obj/usbd_impl.o
                                  0x8 (size before relaxing)
 .ARM.exidx.text.USBD_WEBUSB_Init
                0xd0000008        0x0 obj/usbd_impl.o
                                  0x8 (size before relaxing)
 .ARM.exidx.text.USBD_WEBUSB_DeInit
                0xd0000008        0x0 obj/usbd_impl.o
                                  0x8 (size before relaxing)
 .ARM.exidx.text.USBD_WEBUSB_Setup
                0xd0000008        0x0 obj/usbd_impl.o
                                  0x8 (size before relaxing)
 .ARM.exidx.text.USBD_WEBUSB_DataIn
                0xd0000008        0x0 obj/usbd_impl.o
                                  0x8 (size before relaxing)
 .ARM.exidx.text.USBD_WEBUSB_DataOut
                0xd0000008        0x0 obj/usbd_impl.o
                                  0x8 (size before relaxing)
 .ARM.exidx.text.USBD_DeviceDescriptor
                0xd0000008        0x0 obj/usbd_impl.o
                                  0x8 (size before relaxing)
 .ARM.exidx.text.USBD_LangIDStrDescriptor
                0xd0000008        0x0 obj/usbd_impl.o
                                  0x8 (size before relaxing)
 .ARM.exidx.text.USBD_ManufacturerStrDescriptor
                0xd0000008        0x0 obj/usbd_impl.o
                                  0x8 (size before relaxing)
 .ARM.exidx.text.USBD_ProductStrDescriptor
                0xd0000008        0x0 obj/usbd_impl.o
                                  0x8 (size before relaxing)
 .ARM.exidx.text.USBD_SerialStrDescriptor
                0xd0000008        0x0 obj/usbd_impl.o
                                  0x8 (size before relaxing)
 .ARM.exidx.text.USBD_ConfigStrDescriptor
                0xd0000008        0x0 obj/usbd_impl.o
                                  0x8 (size before relaxing)
 .ARM.exidx.text.USBD_InterfaceStrDescriptor
                0xd0000008        0x0 obj/usbd_impl.o
                                  0x8 (size before relaxing)
 .ARM.exidx.text.USBD_CtlError
                0xd0000008        0x0 obj/usbd_impl.o
                                  0x8 (size before relaxing)
 .ARM.exidx.text.USB_power
                0xd0000008        0x0 obj/usbd_impl.o
                                  0x8 (size before relaxing)
 .ARM.exidx.text.USBD_GetCfgDesc_impl
                0xd0000008        0x0 obj/usbd_impl.o
                                  0x8 (size before relaxing)
 .ARM.exidx.text.USBD_GetDeviceQualifierDesc_impl
                0xd0000008        0x0 obj/usbd_impl.o
                                  0x8 (size before relaxing)
 .ARM.exidx.text.USBD_CtlSendData
                0xd0000008        0x0 obj/usbd_ioreq.o
                                  0x8 (size before relaxing)
 .ARM.exidx.text.USBD_CtlContinueSendData
                0xd0000008        0x0 obj/usbd_ioreq.o
                                  0x8 (size before relaxing)
 .ARM.exidx.text.USBD_CtlContinueRx
                0xd0000008        0x0 obj/usbd_ioreq.o
                                  0x8 (size before relaxing)
 .ARM.exidx.text.USBD_CtlSendStatus
                0xd0000008        0x0 obj/usbd_ioreq.o
                                  0x8 (size before relaxing)
 .ARM.exidx.text.USBD_CtlReceiveStatus
                0xd0000008        0x0 obj/usbd_ioreq.o
                                  0x8 (size before relaxing)
 .ARM.exidx.text.array_hexstr
                0xd0000008        0x0 obj/utils.o
                                  0x8 (size before relaxing)
 .ARM.exidx.text.convertUint256BE
                0xd0000008        0x0 obj/utils.o
                                  0x8 (size before relaxing)
 .ARM.exidx.text.getV
                0xd0000008        0x0 obj/utils.o
                                  0x8 (size before relaxing)

.rel.dyn        0xd0000008        0x0
 .rel.iplt      0xd0000008        0x0 obj/cx_compliance_141.o

.stab
 *(.stab)

.stabstr
 *(.stabstr)

.stab.excl
 *(.stab.excl)

.stab.exclstr
 *(.stab.exclstr)

.stab.index
 *(.stab.index)

.stab.indexstr
 *(.stab.indexstr)

.comment        0x00000000       0x2d
 *(.comment)
 .comment       0x00000000       0x2d obj/cx_compliance_141.o
                                 0x2e (size before relaxing)
 .comment       0x0000002d       0x2e obj/ethUstream.o
 .comment       0x0000002d       0x2e obj/ethUtils.o
 .comment       0x0000002d       0x2e obj/glyphs.o
 .comment       0x0000002d       0x2e obj/main.o
 .comment       0x0000002d       0x2e obj/os.o
 .comment       0x0000002d       0x2e obj/os_io_seproxyhal.o
 .comment       0x0000002d       0x2e obj/os_printf.o
 .comment       0x0000002d       0x2e obj/pic.o
 .comment       0x0000002d       0x2e obj/pic_internal.o
 .comment       0x0000002d       0x2e obj/syscalls.o
 .comment       0x0000002d       0x2e obj/tokens.o
 .comment       0x0000002d       0x2e obj/u2f_impl.o
 .comment       0x0000002d       0x2e obj/u2f_io.o
 .comment       0x0000002d       0x2e obj/u2f_transport.o
 .comment       0x0000002d       0x2e obj/uint256.o
 .comment       0x0000002d       0x2e obj/usbd_conf.o
 .comment       0x0000002d       0x2e obj/usbd_core.o
 .comment       0x0000002d       0x2e obj/usbd_ctlreq.o
 .comment       0x0000002d       0x2e obj/usbd_hid.o
 .comment       0x0000002d       0x2e obj/usbd_impl.o
 .comment       0x0000002d       0x2e obj/usbd_ioreq.o
 .comment       0x0000002d       0x2e obj/utils.o

.note.GNU-stack
                0x00000000        0x0
 .note.GNU-stack
                0x00000000        0x0 obj/cx_compliance_141.o
 .note.GNU-stack
                0x00000000        0x0 obj/ethUstream.o
 .note.GNU-stack
                0x00000000        0x0 obj/ethUtils.o
 .note.GNU-stack
                0x00000000        0x0 obj/glyphs.o
 .note.GNU-stack
                0x00000000        0x0 obj/main.o
 .note.GNU-stack
                0x00000000        0x0 obj/os.o
 .note.GNU-stack
                0x00000000        0x0 obj/os_io_seproxyhal.o
 .note.GNU-stack
                0x00000000        0x0 obj/os_printf.o
 .note.GNU-stack
                0x00000000        0x0 obj/pic.o
 .note.GNU-stack
                0x00000000        0x0 obj/pic_internal.o
 .note.GNU-stack
                0x00000000        0x0 obj/syscalls.o
 .note.GNU-stack
                0x00000000        0x0 obj/tokens.o
 .note.GNU-stack
                0x00000000        0x0 obj/u2f_impl.o
 .note.GNU-stack
                0x00000000        0x0 obj/u2f_io.o
 .note.GNU-stack
                0x00000000        0x0 obj/u2f_transport.o
 .note.GNU-stack
                0x00000000        0x0 obj/uint256.o
 .note.GNU-stack
                0x00000000        0x0 obj/usbd_conf.o
 .note.GNU-stack
                0x00000000        0x0 obj/usbd_core.o
 .note.GNU-stack
                0x00000000        0x0 obj/usbd_ctlreq.o
 .note.GNU-stack
                0x00000000        0x0 obj/usbd_hid.o
 .note.GNU-stack
                0x00000000        0x0 obj/usbd_impl.o
 .note.GNU-stack
                0x00000000        0x0 obj/usbd_ioreq.o
 .note.GNU-stack
                0x00000000        0x0 obj/utils.o

.ARM.attributes
                0x00000000       0x33
 .ARM.attributes
                0x00000000       0x41 obj/cx_compliance_141.o
 .ARM.attributes
                0x00000041       0x41 obj/ethUstream.o
 .ARM.attributes
                0x00000082       0x41 obj/ethUtils.o
 .ARM.attributes
                0x000000c3       0x3f obj/glyphs.o
 .ARM.attributes
                0x00000102       0x41 obj/main.o
 .ARM.attributes
                0x00000143       0x41 obj/os.o
 .ARM.attributes
                0x00000184       0x41 obj/os_io_seproxyhal.o
 .ARM.attributes
                0x000001c5       0x41 obj/os_printf.o
 .ARM.attributes
                0x00000206       0x41 obj/pic.o
 .ARM.attributes
                0x00000247       0x41 obj/pic_internal.o
 .ARM.attributes
                0x00000288       0x41 obj/syscalls.o
 .ARM.attributes
                0x000002c9       0x3f obj/tokens.o
 .ARM.attributes
                0x00000308       0x41 obj/u2f_impl.o
 .ARM.attributes
                0x00000349       0x41 obj/u2f_io.o
 .ARM.attributes
                0x0000038a       0x41 obj/u2f_transport.o
 .ARM.attributes
                0x000003cb       0x41 obj/uint256.o
 .ARM.attributes
                0x0000040c       0x41 obj/usbd_conf.o
 .ARM.attributes
                0x0000044d       0x41 obj/usbd_core.o
 .ARM.attributes
                0x0000048e       0x41 obj/usbd_ctlreq.o
 .ARM.attributes
                0x000004cf       0x41 obj/usbd_hid.o
 .ARM.attributes
                0x00000510       0x41 obj/usbd_impl.o
 .ARM.attributes
                0x00000551       0x41 obj/usbd_ioreq.o
 .ARM.attributes
                0x00000592       0x41 obj/utils.o
 .ARM.attributes
                0x000005d3       0x1e /home/boczeratul/bolos-devenv/gcc-arm-none-eabi-5_3-2016q1/bin/../lib/gcc/arm-none-eabi/5.3.1/armv6-m/libgcc.a(_udivsi3.o)
 .ARM.attributes
                0x000005f1       0x1e /home/boczeratul/bolos-devenv/gcc-arm-none-eabi-5_3-2016q1/bin/../lib/gcc/arm-none-eabi/5.3.1/armv6-m/libgcc.a(_dvmd_tls.o)
 .ARM.attributes
                0x0000060f       0x2c /home/boczeratul/bolos-devenv/gcc-arm-none-eabi-5_3-2016q1/bin/../lib/gcc/arm-none-eabi/5.3.1/armv6-m/libgcc.a(_muldi3.o)
 .ARM.attributes
                0x0000063b       0x2c /home/boczeratul/bolos-devenv/gcc-arm-none-eabi-5_3-2016q1/bin/../lib/gcc/arm-none-eabi/5.3.1/../../../../arm-none-eabi/lib/armv6-m/libc.a(lib_a-aeabi_memclr.o)
 .ARM.attributes
                0x00000667       0x2c /home/boczeratul/bolos-devenv/gcc-arm-none-eabi-5_3-2016q1/bin/../lib/gcc/arm-none-eabi/5.3.1/../../../../arm-none-eabi/lib/armv6-m/libc.a(lib_a-aeabi_memcpy.o)
 .ARM.attributes
                0x00000693       0x2c /home/boczeratul/bolos-devenv/gcc-arm-none-eabi-5_3-2016q1/bin/../lib/gcc/arm-none-eabi/5.3.1/../../../../arm-none-eabi/lib/armv6-m/libc.a(lib_a-aeabi_memset.o)
 .ARM.attributes
                0x000006bf       0x2c /home/boczeratul/bolos-devenv/gcc-arm-none-eabi-5_3-2016q1/bin/../lib/gcc/arm-none-eabi/5.3.1/../../../../arm-none-eabi/lib/armv6-m/libc.a(lib_a-memcpy-stub.o)
 .ARM.attributes
                0x000006eb       0x2c /home/boczeratul/bolos-devenv/gcc-arm-none-eabi-5_3-2016q1/bin/../lib/gcc/arm-none-eabi/5.3.1/../../../../arm-none-eabi/lib/armv6-m/libc.a(lib_a-memset.o)
 .ARM.attributes
                0x00000717       0x1c /home/boczeratul/bolos-devenv/gcc-arm-none-eabi-5_3-2016q1/bin/../lib/gcc/arm-none-eabi/5.3.1/../../../../arm-none-eabi/lib/armv6-m/libc.a(lib_a-setjmp.o)
 .ARM.attributes
                0x00000733       0x2c /home/boczeratul/bolos-devenv/gcc-arm-none-eabi-5_3-2016q1/bin/../lib/gcc/arm-none-eabi/5.3.1/../../../../arm-none-eabi/lib/armv6-m/libc.a(lib_a-strlen-stub.o)

.debug
 *(.debug)

.line
 *(.line)

.debug_srcinfo
 *(.debug_srcinfo)

.debug_sfnames
 *(.debug_sfnames)

.debug_aranges
 *(.debug_aranges)

.debug_pubnames
                0x00000000     0x4286
 *(.debug_pubnames)
 .debug_pubnames
                0x00000000      0x265 obj/cx_compliance_141.o
 .debug_pubnames
                0x00000265       0xe5 obj/ethUstream.o
 .debug_pubnames
                0x0000034a       0xb2 obj/ethUtils.o
 .debug_pubnames
                0x000003fc     0x1481 obj/glyphs.o
 .debug_pubnames
                0x0000187d      0x72d obj/main.o
 .debug_pubnames
                0x00001faa      0x1d3 obj/os.o
 .debug_pubnames
                0x0000217d      0x6b2 obj/os_io_seproxyhal.o
 .debug_pubnames
                0x0000282f       0x3b obj/os_printf.o
 .debug_pubnames
                0x0000286a       0x1a obj/pic.o
 .debug_pubnames
                0x00002884       0x23 obj/pic_internal.o
 .debug_pubnames
                0x000028a7      0xa11 obj/syscalls.o
 .debug_pubnames
                0x000032b8      0x1bc obj/tokens.o
 .debug_pubnames
                0x00003474      0x178 obj/u2f_impl.o
 .debug_pubnames
                0x000035ec       0x22 obj/u2f_io.o
 .debug_pubnames
                0x0000360e      0x107 obj/u2f_transport.o
 .debug_pubnames
                0x00003715      0x1d5 obj/uint256.o
 .debug_pubnames
                0x000038ea      0x142 obj/usbd_conf.o
 .debug_pubnames
                0x00003a2c      0x1f0 obj/usbd_core.o
 .debug_pubnames
                0x00003c1c      0x14f obj/usbd_ctlreq.o
 .debug_pubnames
                0x00003d6b       0x4b obj/usbd_hid.o
 .debug_pubnames
                0x00003db6      0x3cd obj/usbd_impl.o
 .debug_pubnames
                0x00004183       0xa2 obj/usbd_ioreq.o
 .debug_pubnames
                0x00004225       0x61 obj/utils.o

.debug_info     0x00000000    0x12b0a
 *(.debug_info .gnu.linkonce.wi.*)
 .debug_info    0x00000000     0x107d obj/cx_compliance_141.o
 .debug_info    0x0000107d      0x8da obj/ethUstream.o
 .debug_info    0x00001957      0x607 obj/ethUtils.o
 .debug_info    0x00001f5e      0xef1 obj/glyphs.o
 .debug_info    0x00002e4f     0x29e6 obj/main.o
 .debug_info    0x00005835      0x74c obj/os.o
 .debug_info    0x00005f81     0x1b74 obj/os_io_seproxyhal.o
 .debug_info    0x00007af5      0x20a obj/os_printf.o
 .debug_info    0x00007cff       0x55 obj/pic.o
 .debug_info    0x00007d54       0x45 obj/pic_internal.o
 .debug_info    0x00007d99     0x47fc obj/syscalls.o
 .debug_info    0x0000c595      0x283 obj/tokens.o
 .debug_info    0x0000c818      0x70b obj/u2f_impl.o
 .debug_info    0x0000cf23       0xb9 obj/u2f_io.o
 .debug_info    0x0000cfdc      0x64b obj/u2f_transport.o
 .debug_info    0x0000d627     0x1843 obj/uint256.o
 .debug_info    0x0000ee6a      0x96e obj/usbd_conf.o
 .debug_info    0x0000f7d8      0xb02 obj/usbd_core.o
 .debug_info    0x000102da      0xab9 obj/usbd_ctlreq.o
 .debug_info    0x00010d93      0x685 obj/usbd_hid.o
 .debug_info    0x00011418      0xce1 obj/usbd_impl.o
 .debug_info    0x000120f9      0x723 obj/usbd_ioreq.o
 .debug_info    0x0001281c      0x2ee obj/utils.o

.debug_abbrev   0x00000000     0x20f8
 *(.debug_abbrev)
 .debug_abbrev  0x00000000      0x11c obj/cx_compliance_141.o
 .debug_abbrev  0x0000011c      0x1f6 obj/ethUstream.o
 .debug_abbrev  0x00000312      0x168 obj/ethUtils.o
 .debug_abbrev  0x0000047a       0x98 obj/glyphs.o
 .debug_abbrev  0x00000512      0x2c4 obj/main.o
 .debug_abbrev  0x000007d6      0x29a obj/os.o
 .debug_abbrev  0x00000a70      0x2c7 obj/os_io_seproxyhal.o
 .debug_abbrev  0x00000d37      0x100 obj/os_printf.o
 .debug_abbrev  0x00000e37       0x45 obj/pic.o
 .debug_abbrev  0x00000e7c       0x36 obj/pic_internal.o
 .debug_abbrev  0x00000eb2      0x1ab obj/syscalls.o
 .debug_abbrev  0x0000105d       0x91 obj/tokens.o
 .debug_abbrev  0x000010ee      0x17f obj/u2f_impl.o
 .debug_abbrev  0x0000126d       0x6b obj/u2f_io.o
 .debug_abbrev  0x000012d8      0x1bd obj/u2f_transport.o
 .debug_abbrev  0x00001495      0x28b obj/uint256.o
 .debug_abbrev  0x00001720      0x15c obj/usbd_conf.o
 .debug_abbrev  0x0000187c      0x1ee obj/usbd_core.o
 .debug_abbrev  0x00001a6a      0x207 obj/usbd_ctlreq.o
 .debug_abbrev  0x00001c71      0x107 obj/usbd_hid.o